-- The C compiler identification is GNU 11.4.0
-- The CXX compiler identification is GNU 11.4.0
-- Detecting C compiler ABI info
-- Detecting C compiler ABI info - done
-- Check for working C compiler: /usr/bin/cc - skipped
-- Detecting C compile features
-- Detecting C compile features - done
-- Detecting CXX compiler ABI info
-- Detecting CXX compiler ABI info - done
-- Check for working CXX compiler: /usr/bin/c++ - skipped
-- Detecting CXX compile features
-- Detecting CXX compile features - done
-- Found ament_cmake: 1.3.12 (/opt/ros/humble/share/ament_cmake/cmake)
-- Found Python3: /usr/bin/python3 (found version "3.10.12") found components: Interpreter 
-- Found rclcpp: 16.0.14 (/opt/ros/humble/share/rclcpp/cmake)
-- Found rosidl_generator_c: 3.1.7 (/opt/ros/humble/share/rosidl_generator_c/cmake)
-- Found rosidl_adapter: 3.1.7 (/opt/ros/humble/share/rosidl_adapter/cmake)
-- Found rosidl_generator_cpp: 3.1.7 (/opt/ros/humble/share/rosidl_generator_cpp/cmake)
-- Using all available rosidl_typesupport_c: rosidl_typesupport_fastrtps_c;rosidl_typesupport_introspection_c
-- Using all available rosidl_typesupport_cpp: rosidl_typesupport_fastrtps_cpp;rosidl_typesupport_introspection_cpp
-- Found rmw_implementation_cmake: 6.1.2 (/opt/ros/humble/share/rmw_implementation_cmake/cmake)
-- Found rmw_fastrtps_cpp: 6.2.8 (/opt/ros/humble/share/rmw_fastrtps_cpp/cmake)
-- Found OpenSSL: /usr/lib/x86_64-linux-gnu/libcrypto.so (found version "3.0.2")  
-- Found FastRTPS: /opt/ros/humble/include  
-- Using RMW implementation 'rmw_fastrtps_cpp' as default
-- Looking for pthread.h
-- Looking for pthread.h - found
-- Performing Test CMAKE_HAVE_LIBC_PTHREAD
-- Performing Test CMAKE_HAVE_LIBC_PTHREAD - Success
-- Found Threads: TRUE  
-- Found rclcpp_components: 16.0.14 (/opt/ros/humble/share/rclcpp_components/cmake)
-- Found image_transport: 3.1.12 (/opt/ros/humble/share/image_transport/cmake)
-- Found cv_bridge: 3.2.1 (/opt/ros/humble/share/cv_bridge/cmake)
-- Found nav_msgs: 4.9.0 (/opt/ros/humble/share/nav_msgs/cmake)
-- Found tf2_ros: 0.25.16 (/opt/ros/humble/share/tf2_ros/cmake)
-- Found tf2_eigen: 0.25.16 (/opt/ros/humble/share/tf2_eigen/cmake)
-- Found OpenCV: /usr (found suitable version "4.5.4", minimum required is "4") 
-- Found ament_lint_auto: 0.12.14 (/opt/ros/humble/share/ament_lint_auto/cmake)
-- Added test 'copyright' to check source files copyright and LICENSE
-- Added test 'cppcheck' to perform static code analysis on C / C++ code
-- Configured cppcheck include dirs: 
-- Configured cppcheck exclude dirs and/or files: 
-- Added test 'cpplint' to check C / C++ code against the Google style
-- Configured cpplint exclude dirs and/or files: 
-- Added test 'flake8' to check Python code syntax and style conventions
-- Added test 'lint_cmake' to check CMake code style
-- Added test 'pep257' to check Python code against some of the docstring style conventions in PEP 257
-- Added test 'uncrustify' to check C / C++ code style
-- Configured uncrustify additional arguments: 
-- Added test 'xmllint' to check XML markup files
-- Configuring done
-- Generating done
-- Build files have been written to: /home/david/training_ws/src/robojackets-ros2/build/obstacle_detector
gmake: Warning: File 'Makefile' has modification time 1.4 s in the future
gmake[1]: Warning: File 'CMakeFiles/Makefile2' has modification time 1.4 s in the future
gmake[2]: Warning: File 'CMakeFiles/obstacle_detector.dir/flags.make' has modification time 1.4 s in the future
gmake[2]: Warning: File 'CMakeFiles/obstacle_detector_node.dir/flags.make' has modification time 1.4 s in the future
gmake[2]: warning:  Clock skew detected.  Your build may be incomplete.
gmake[2]: warning:  Clock skew detected.  Your build may be incomplete.
gmake[2]: Warning: File 'CMakeFiles/obstacle_detector.dir/flags.make' has modification time 1.4 s in the future
gmake[2]: Warning: File 'CMakeFiles/obstacle_detector_node.dir/flags.make' has modification time 1.4 s in the future
[ 20%] [32mBuilding CXX object CMakeFiles/obstacle_detector.dir/src/obstacle_detector.cpp.o[0m
[ 40%] [32mBuilding CXX object CMakeFiles/obstacle_detector_node.dir/rclcpp_components/node_main_obstacle_detector_node.cpp.o[0m
[ 60%] [32mBuilding CXX object CMakeFiles/obstacle_detector.dir/src/student_functions.cpp.o[0m
[ 80%] [32m[1mLinking CXX executable obstacle_detector_node[0m
gmake[2]: warning:  Clock skew detected.  Your build may be incomplete.
[ 80%] Built target obstacle_detector_node
[100%] [32m[1mLinking CXX shared library libobstacle_detector.so[0m
gmake[2]: warning:  Clock skew detected.  Your build may be incomplete.
[100%] Built target obstacle_detector
gmake[1]: warning:  Clock skew detected.  Your build may be incomplete.
gmake: warning:  Clock skew detected.  Your build may be incomplete.
-- Install configuration: ""
-- Installing: /home/david/training_ws/src/robojackets-ros2/install/obstacle_detector/lib/obstacle_detector/obstacle_detector_node
-- Set runtime path of "/home/david/training_ws/src/robojackets-ros2/install/obstacle_detector/lib/obstacle_detector/obstacle_detector_node" to ""
-- Installing: /home/david/training_ws/src/robojackets-ros2/install/obstacle_detector/lib/libobstacle_detector.so
-- Set runtime path of "/home/david/training_ws/src/robojackets-ros2/install/obstacle_detector/lib/libobstacle_detector.so" to ""
-- Installing: /home/david/training_ws/src/robojackets-ros2/install/obstacle_detector/share/obstacle_detector/launch
-- Installing: /home/david/training_ws/src/robojackets-ros2/install/obstacle_detector/share/obstacle_detector/launch/obstacle_detector.launch.py
-- Installing: /home/david/training_ws/src/robojackets-ros2/install/obstacle_detector/share/obstacle_detector/config
-- Installing: /home/david/training_ws/src/robojackets-ros2/install/obstacle_detector/share/obstacle_detector/config/obstacle_detector_parameters.yaml
-- Installing: /home/david/training_ws/src/robojackets-ros2/install/obstacle_detector/share/ament_index/resource_index/package_run_dependencies/obstacle_detector
-- Installing: /home/david/training_ws/src/robojackets-ros2/install/obstacle_detector/share/ament_index/resource_index/parent_prefix_path/obstacle_detector
-- Installing: /home/david/training_ws/src/robojackets-ros2/install/obstacle_detector/share/obstacle_detector/environment/ament_prefix_path.sh
-- Installing: /home/david/training_ws/src/robojackets-ros2/install/obstacle_detector/share/obstacle_detector/environment/ament_prefix_path.dsv
-- Installing: /home/david/training_ws/src/robojackets-ros2/install/obstacle_detector/share/obstacle_detector/environment/path.sh
-- Installing: /home/david/training_ws/src/robojackets-ros2/install/obstacle_detector/share/obstacle_detector/environment/path.dsv
-- Installing: /home/david/training_ws/src/robojackets-ros2/install/obstacle_detector/share/obstacle_detector/local_setup.bash
-- Installing: /home/david/training_ws/src/robojackets-ros2/install/obstacle_detector/share/obstacle_detector/local_setup.sh
-- Installing: /home/david/training_ws/src/robojackets-ros2/install/obstacle_detector/share/obstacle_detector/local_setup.zsh
-- Installing: /home/david/training_ws/src/robojackets-ros2/install/obstacle_detector/share/obstacle_detector/local_setup.dsv
-- Installing: /home/david/training_ws/src/robojackets-ros2/install/obstacle_detector/share/obstacle_detector/package.dsv
-- Installing: /home/david/training_ws/src/robojackets-ros2/install/obstacle_detector/share/ament_index/resource_index/packages/obstacle_detector
-- Installing: /home/david/training_ws/src/robojackets-ros2/install/obstacle_detector/share/ament_index/resource_index/rclcpp_components/obstacle_detector
-- Installing: /home/david/training_ws/src/robojackets-ros2/install/obstacle_detector/share/obstacle_detector/cmake/obstacle_detectorConfig.cmake
-- Installing: /home/david/training_ws/src/robojackets-ros2/install/obstacle_detector/share/obstacle_detector/cmake/obstacle_detectorConfig-version.cmake
-- Installing: /home/david/training_ws/src/robojackets-ros2/install/obstacle_detector/share/obstacle_detector/package.xml
