[0.045s] Invoking command in '/home/david/training_ws/src/robojackets-ros2/build/rj_training_bringup': CMAKE_PREFIX_PATH=${CMAKE_PREFIX_PATH}:/opt/ros/humble /usr/bin/cmake --build /home/david/training_ws/src/robojackets-ros2/build/rj_training_bringup -- -j16 -l16
[0.101s] Invoked command in '/home/david/training_ws/src/robojackets-ros2/build/rj_training_bringup' returned '0': CMAKE_PREFIX_PATH=${CMAKE_PREFIX_PATH}:/opt/ros/humble /usr/bin/cmake --build /home/david/training_ws/src/robojackets-ros2/build/rj_training_bringup -- -j16 -l16
[0.116s] Invoking command in '/home/david/training_ws/src/robojackets-ros2/build/rj_training_bringup': CMAKE_PREFIX_PATH=${CMAKE_PREFIX_PATH}:/opt/ros/humble /usr/bin/cmake --install /home/david/training_ws/src/robojackets-ros2/build/rj_training_bringup
[0.129s] -- Install configuration: ""
[0.129s] -- Up-to-date: /home/david/training_ws/src/robojackets-ros2/install/rj_training_bringup/share/rj_training_bringup/behavior_trees
[0.129s] -- Up-to-date: /home/david/training_ws/src/robojackets-ros2/install/rj_training_bringup/share/rj_training_bringup/behavior_trees/navigate.xml
[0.129s] -- Up-to-date: /home/david/training_ws/src/robojackets-ros2/install/rj_training_bringup/share/rj_training_bringup/behavior_trees/navigate_w_replanning.xml
[0.129s] -- Up-to-date: /home/david/training_ws/src/robojackets-ros2/install/rj_training_bringup/share/rj_training_bringup/config
[0.129s] -- Up-to-date: /home/david/training_ws/src/robojackets-ros2/install/rj_training_bringup/share/rj_training_bringup/config/nav_params_final_challenge.yaml
[0.129s] -- Up-to-date: /home/david/training_ws/src/robojackets-ros2/install/rj_training_bringup/share/rj_training_bringup/config/nav_params_week_7.yaml
[0.132s] -- Up-to-date: /home/david/training_ws/src/robojackets-ros2/install/rj_training_bringup/share/rj_training_bringup/config/aruco_tag_visualization_params.yaml
[0.133s] -- Up-to-date: /home/david/training_ws/src/robojackets-ros2/install/rj_training_bringup/share/rj_training_bringup/config/nav_params.yaml
[0.134s] -- Up-to-date: /home/david/training_ws/src/robojackets-ros2/install/rj_training_bringup/share/rj_training_bringup/config/nav_params_week_8.yaml
[0.134s] -- Up-to-date: /home/david/training_ws/src/robojackets-ros2/install/rj_training_bringup/share/rj_training_bringup/launch
[0.137s] -- Up-to-date: /home/david/training_ws/src/robojackets-ros2/install/rj_training_bringup/share/rj_training_bringup/launch/mineral_deposit_tracker.launch.py
[0.137s] -- Up-to-date: /home/david/training_ws/src/robojackets-ros2/install/rj_training_bringup/share/rj_training_bringup/launch/fake_localizer.launch.py
[0.137s] -- Up-to-date: /home/david/training_ws/src/robojackets-ros2/install/rj_training_bringup/share/rj_training_bringup/launch/navigation.launch.py
[0.138s] -- Up-to-date: /home/david/training_ws/src/robojackets-ros2/install/rj_training_bringup/share/rj_training_bringup/launch/projects
[0.138s] -- Up-to-date: /home/david/training_ws/src/robojackets-ros2/install/rj_training_bringup/share/rj_training_bringup/launch/projects/week_6.launch.xml
[0.139s] -- Up-to-date: /home/david/training_ws/src/robojackets-ros2/install/rj_training_bringup/share/rj_training_bringup/launch/projects/week_1.launch.xml
[0.139s] -- Up-to-date: /home/david/training_ws/src/robojackets-ros2/install/rj_training_bringup/share/rj_training_bringup/launch/projects/week_5.launch.xml
[0.139s] -- Up-to-date: /home/david/training_ws/src/robojackets-ros2/install/rj_training_bringup/share/rj_training_bringup/launch/projects/week_7.launch.xml
[0.139s] -- Up-to-date: /home/david/training_ws/src/robojackets-ros2/install/rj_training_bringup/share/rj_training_bringup/launch/projects/week_8.launch.xml
[0.139s] -- Up-to-date: /home/david/training_ws/src/robojackets-ros2/install/rj_training_bringup/share/rj_training_bringup/launch/projects/week_4.launch.xml
[0.139s] -- Up-to-date: /home/david/training_ws/src/robojackets-ros2/install/rj_training_bringup/share/rj_training_bringup/launch/projects/week_3.launch.xml
[0.139s] -- Up-to-date: /home/david/training_ws/src/robojackets-ros2/install/rj_training_bringup/share/rj_training_bringup/launch/projects/week_2.launch.xml
[0.139s] -- Up-to-date: /home/david/training_ws/src/robojackets-ros2/install/rj_training_bringup/share/rj_training_bringup/launch/full_game_stack.launch.xml
[0.139s] -- Up-to-date: /home/david/training_ws/src/robojackets-ros2/install/rj_training_bringup/share/rj_training_bringup/launch/empty_map_server.launch.py
[0.139s] -- Up-to-date: /home/david/training_ws/src/robojackets-ros2/install/rj_training_bringup/share/rj_training_bringup/maps
[0.139s] -- Up-to-date: /home/david/training_ws/src/robojackets-ros2/install/rj_training_bringup/share/rj_training_bringup/maps/empty_map.png
[0.140s] -- Up-to-date: /home/david/training_ws/src/robojackets-ros2/install/rj_training_bringup/share/rj_training_bringup/maps/empty_map.yaml
[0.140s] -- Up-to-date: /home/david/training_ws/src/robojackets-ros2/install/rj_training_bringup/share/rj_training_bringup/mineral_sample_sets
[0.140s] -- Up-to-date: /home/david/training_ws/src/robojackets-ros2/install/rj_training_bringup/share/rj_training_bringup/mineral_sample_sets/default.yaml
[0.140s] -- Up-to-date: /home/david/training_ws/src/robojackets-ros2/install/rj_training_bringup/share/rj_training_bringup/rviz_config
[0.140s] -- Up-to-date: /home/david/training_ws/src/robojackets-ros2/install/rj_training_bringup/share/rj_training_bringup/rviz_config/week_1.rviz
[0.140s] -- Up-to-date: /home/david/training_ws/src/robojackets-ros2/install/rj_training_bringup/share/rj_training_bringup/rviz_config/week_3.rviz
[0.140s] -- Up-to-date: /home/david/training_ws/src/robojackets-ros2/install/rj_training_bringup/share/rj_training_bringup/rviz_config/final_challenge.rviz
[0.141s] -- Up-to-date: /home/david/training_ws/src/robojackets-ros2/install/rj_training_bringup/share/rj_training_bringup/rviz_config/week_4.rviz
[0.141s] -- Up-to-date: /home/david/training_ws/src/robojackets-ros2/install/rj_training_bringup/share/rj_training_bringup/rviz_config/week_5.rviz
[0.141s] -- Up-to-date: /home/david/training_ws/src/robojackets-ros2/install/rj_training_bringup/share/rj_training_bringup/rviz_config/week_6.rviz
[0.141s] -- Up-to-date: /home/david/training_ws/src/robojackets-ros2/install/rj_training_bringup/share/rj_training_bringup/rviz_config/color_detection.rviz
[0.141s] -- Up-to-date: /home/david/training_ws/src/robojackets-ros2/install/rj_training_bringup/share/rj_training_bringup/rviz_config/week_7.rviz
[0.141s] -- Up-to-date: /home/david/training_ws/src/robojackets-ros2/install/rj_training_bringup/share/rj_training_bringup/rviz_config/week_8.rviz
[0.141s] -- Up-to-date: /home/david/training_ws/src/robojackets-ros2/install/rj_training_bringup/share/ament_index/resource_index/package_run_dependencies/rj_training_bringup
[0.141s] -- Up-to-date: /home/david/training_ws/src/robojackets-ros2/install/rj_training_bringup/share/ament_index/resource_index/parent_prefix_path/rj_training_bringup
[0.141s] -- Up-to-date: /home/david/training_ws/src/robojackets-ros2/install/rj_training_bringup/share/rj_training_bringup/environment/ament_prefix_path.sh
[0.141s] -- Up-to-date: /home/david/training_ws/src/robojackets-ros2/install/rj_training_bringup/share/rj_training_bringup/environment/ament_prefix_path.dsv
[0.141s] -- Up-to-date: /home/david/training_ws/src/robojackets-ros2/install/rj_training_bringup/share/rj_training_bringup/environment/path.sh
[0.141s] -- Up-to-date: /home/david/training_ws/src/robojackets-ros2/install/rj_training_bringup/share/rj_training_bringup/environment/path.dsv
[0.141s] -- Up-to-date: /home/david/training_ws/src/robojackets-ros2/install/rj_training_bringup/share/rj_training_bringup/local_setup.bash
[0.141s] -- Up-to-date: /home/david/training_ws/src/robojackets-ros2/install/rj_training_bringup/share/rj_training_bringup/local_setup.sh
[0.142s] -- Up-to-date: /home/david/training_ws/src/robojackets-ros2/install/rj_training_bringup/share/rj_training_bringup/local_setup.zsh
[0.142s] -- Up-to-date: /home/david/training_ws/src/robojackets-ros2/install/rj_training_bringup/share/rj_training_bringup/local_setup.dsv
[0.142s] -- Up-to-date: /home/david/training_ws/src/robojackets-ros2/install/rj_training_bringup/share/rj_training_bringup/package.dsv
[0.142s] -- Up-to-date: /home/david/training_ws/src/robojackets-ros2/install/rj_training_bringup/share/ament_index/resource_index/packages/rj_training_bringup
[0.142s] -- Up-to-date: /home/david/training_ws/src/robojackets-ros2/install/rj_training_bringup/share/rj_training_bringup/cmake/rj_training_bringupConfig.cmake
[0.143s] -- Up-to-date: /home/david/training_ws/src/robojackets-ros2/install/rj_training_bringup/share/rj_training_bringup/cmake/rj_training_bringupConfig-version.cmake
[0.143s] -- Up-to-date: /home/david/training_ws/src/robojackets-ros2/install/rj_training_bringup/share/rj_training_bringup/package.xml
[0.154s] Invoked command in '/home/david/training_ws/src/robojackets-ros2/build/rj_training_bringup' returned '0': CMAKE_PREFIX_PATH=${CMAKE_PREFIX_PATH}:/opt/ros/humble /usr/bin/cmake --install /home/david/training_ws/src/robojackets-ros2/build/rj_training_bringup
