[35m[1mConsolidate compiler generated dependencies of target mapping_node[0m
[35m[1mConsolidate compiler generated dependencies of target mapping[0m
[ 50%] Built target mapping_node
[100%] Built target mapping
-- Install configuration: ""
-- Up-to-date: /home/david/training_ws/src/robojackets-ros2/install/mapping/lib/mapping/mapping_node
-- Up-to-date: /home/david/training_ws/src/robojackets-ros2/install/mapping/lib/libmapping.so
-- Up-to-date: /home/david/training_ws/src/robojackets-ros2/install/mapping/share/mapping/launch
-- Up-to-date: /home/david/training_ws/src/robojackets-ros2/install/mapping/share/mapping/launch/mapping.launch.xml
-- Up-to-date: /home/david/training_ws/src/robojackets-ros2/install/mapping/share/ament_index/resource_index/package_run_dependencies/mapping
-- Up-to-date: /home/david/training_ws/src/robojackets-ros2/install/mapping/share/ament_index/resource_index/parent_prefix_path/mapping
-- Up-to-date: /home/david/training_ws/src/robojackets-ros2/install/mapping/share/mapping/environment/ament_prefix_path.sh
-- Up-to-date: /home/david/training_ws/src/robojackets-ros2/install/mapping/share/mapping/environment/ament_prefix_path.dsv
-- Up-to-date: /home/david/training_ws/src/robojackets-ros2/install/mapping/share/mapping/environment/path.sh
-- Up-to-date: /home/david/training_ws/src/robojackets-ros2/install/mapping/share/mapping/environment/path.dsv
-- Up-to-date: /home/david/training_ws/src/robojackets-ros2/install/mapping/share/mapping/local_setup.bash
-- Up-to-date: /home/david/training_ws/src/robojackets-ros2/install/mapping/share/mapping/local_setup.sh
-- Up-to-date: /home/david/training_ws/src/robojackets-ros2/install/mapping/share/mapping/local_setup.zsh
-- Up-to-date: /home/david/training_ws/src/robojackets-ros2/install/mapping/share/mapping/local_setup.dsv
-- Installing: /home/david/training_ws/src/robojackets-ros2/install/mapping/share/mapping/package.dsv
-- Up-to-date: /home/david/training_ws/src/robojackets-ros2/install/mapping/share/ament_index/resource_index/packages/mapping
-- Up-to-date: /home/david/training_ws/src/robojackets-ros2/install/mapping/share/ament_index/resource_index/rclcpp_components/mapping
-- Up-to-date: /home/david/training_ws/src/robojackets-ros2/install/mapping/share/mapping/cmake/mappingConfig.cmake
-- Up-to-date: /home/david/training_ws/src/robojackets-ros2/install/mapping/share/mapping/cmake/mappingConfig-version.cmake
-- Up-to-date: /home/david/training_ws/src/robojackets-ros2/install/mapping/share/mapping/package.xml
