[0.052s] Invoking command in '/home/david/training_ws/src/robojackets-ros2/build/mapping': CMAKE_PREFIX_PATH=${CMAKE_PREFIX_PATH}:/opt/ros/humble /usr/bin/cmake --build /home/david/training_ws/src/robojackets-ros2/build/mapping -- -j16 -l16
[0.112s] [35m[1mConsolidate compiler generated dependencies of target mapping_node[0m
[0.115s] [35m[1mConsolidate compiler generated dependencies of target mapping[0m
[0.135s] [ 50%] Built target mapping_node
[0.142s] [100%] Built target mapping
[0.176s] Invoked command in '/home/david/training_ws/src/robojackets-ros2/build/mapping' returned '0': CMAKE_PREFIX_PATH=${CMAKE_PREFIX_PATH}:/opt/ros/humble /usr/bin/cmake --build /home/david/training_ws/src/robojackets-ros2/build/mapping -- -j16 -l16
[0.176s] Invoking command in '/home/david/training_ws/src/robojackets-ros2/build/mapping': CMAKE_PREFIX_PATH=${CMAKE_PREFIX_PATH}:/opt/ros/humble /usr/bin/cmake --install /home/david/training_ws/src/robojackets-ros2/build/mapping
[0.177s] -- Install configuration: ""
[0.177s] -- Up-to-date: /home/david/training_ws/src/robojackets-ros2/install/mapping/lib/mapping/mapping_node
[0.179s] -- Up-to-date: /home/david/training_ws/src/robojackets-ros2/install/mapping/lib/libmapping.so
[0.179s] -- Up-to-date: /home/david/training_ws/src/robojackets-ros2/install/mapping/share/mapping/launch
[0.179s] -- Up-to-date: /home/david/training_ws/src/robojackets-ros2/install/mapping/share/mapping/launch/mapping.launch.xml
[0.179s] -- Up-to-date: /home/david/training_ws/src/robojackets-ros2/install/mapping/share/ament_index/resource_index/package_run_dependencies/mapping
[0.179s] -- Up-to-date: /home/david/training_ws/src/robojackets-ros2/install/mapping/share/ament_index/resource_index/parent_prefix_path/mapping
[0.180s] -- Up-to-date: /home/david/training_ws/src/robojackets-ros2/install/mapping/share/mapping/environment/ament_prefix_path.sh
[0.180s] -- Up-to-date: /home/david/training_ws/src/robojackets-ros2/install/mapping/share/mapping/environment/ament_prefix_path.dsv
[0.180s] -- Up-to-date: /home/david/training_ws/src/robojackets-ros2/install/mapping/share/mapping/environment/path.sh
[0.180s] -- Up-to-date: /home/david/training_ws/src/robojackets-ros2/install/mapping/share/mapping/environment/path.dsv
[0.180s] -- Up-to-date: /home/david/training_ws/src/robojackets-ros2/install/mapping/share/mapping/local_setup.bash
[0.180s] -- Up-to-date: /home/david/training_ws/src/robojackets-ros2/install/mapping/share/mapping/local_setup.sh
[0.180s] -- Up-to-date: /home/david/training_ws/src/robojackets-ros2/install/mapping/share/mapping/local_setup.zsh
[0.180s] -- Up-to-date: /home/david/training_ws/src/robojackets-ros2/install/mapping/share/mapping/local_setup.dsv
[0.181s] -- Installing: /home/david/training_ws/src/robojackets-ros2/install/mapping/share/mapping/package.dsv
[0.181s] -- Up-to-date: /home/david/training_ws/src/robojackets-ros2/install/mapping/share/ament_index/resource_index/packages/mapping
[0.181s] -- Up-to-date: /home/david/training_ws/src/robojackets-ros2/install/mapping/share/ament_index/resource_index/rclcpp_components/mapping
[0.181s] -- Up-to-date: /home/david/training_ws/src/robojackets-ros2/install/mapping/share/mapping/cmake/mappingConfig.cmake
[0.181s] -- Up-to-date: /home/david/training_ws/src/robojackets-ros2/install/mapping/share/mapping/cmake/mappingConfig-version.cmake
[0.181s] -- Up-to-date: /home/david/training_ws/src/robojackets-ros2/install/mapping/share/mapping/package.xml
[0.250s] Invoked command in '/home/david/training_ws/src/robojackets-ros2/build/mapping' returned '0': CMAKE_PREFIX_PATH=${CMAKE_PREFIX_PATH}:/opt/ros/humble /usr/bin/cmake --install /home/david/training_ws/src/robojackets-ros2/build/mapping
