[0.075s] DEBUG:colcon:Command line arguments: ['/usr/bin/colcon', 'build', '--packages-select', 'localization']
[0.075s] DEBUG:colcon:Parsed command line arguments: Namespace(log_base=None, log_level=None, verb_name='build', build_base='build', install_base='install', merge_install=False, symlink_install=False, test_result_base=None, continue_on_error=False, executor='parallel', parallel_workers=16, event_handlers=None, ignore_user_meta=False, metas=['./colcon.meta'], base_paths=['.'], packages_ignore=None, packages_ignore_regex=None, paths=None, packages_up_to=None, packages_up_to_regex=None, packages_above=None, packages_above_and_dependencies=None, packages_above_depth=None, packages_select_by_dep=None, packages_skip_by_dep=None, packages_skip_up_to=None, packages_select_build_failed=False, packages_skip_build_finished=False, packages_select_test_failures=False, packages_skip_test_passed=False, packages_select=['localization'], packages_skip=None, packages_select_regex=None, packages_skip_regex=None, packages_start=None, packages_end=None, allow_overriding=[], cmake_args=None, cmake_target=None, cmake_target_skip_unavailable=False, cmake_clean_cache=False, cmake_clean_first=False, cmake_force_configure=False, ament_cmake_args=None, catkin_cmake_args=None, catkin_skip_building_tests=False, verb_parser=<colcon_defaults.argument_parser.defaults.DefaultArgumentsDecorator object at 0x7e41ce070880>, verb_extension=<colcon_core.verb.build.BuildVerb object at 0x7e41ce171cf0>, main=<bound method BuildVerb.main of <colcon_core.verb.build.BuildVerb object at 0x7e41ce171cf0>>)
[0.196s] Level 1:colcon.colcon_core.package_discovery:discover_packages(colcon_meta) check parameters
[0.196s] Level 1:colcon.colcon_core.package_discovery:discover_packages(recursive) check parameters
[0.196s] Level 1:colcon.colcon_core.package_discovery:discover_packages(ignore) check parameters
[0.196s] Level 1:colcon.colcon_core.package_discovery:discover_packages(path) check parameters
[0.196s] Level 1:colcon.colcon_core.package_discovery:discover_packages(colcon_meta) discover
[0.196s] Level 1:colcon.colcon_core.package_discovery:discover_packages(recursive) discover
[0.196s] INFO:colcon.colcon_core.package_discovery:Crawling recursively for packages in '/home/david/training_ws/src/robojackets-ros2'
[0.197s] Level 1:colcon.colcon_core.package_identification:_identify(.) by extensions ['ignore', 'ignore_ament_install']
[0.197s] Level 1:colcon.colcon_core.package_identification:_identify(.) by extension 'ignore'
[0.197s] Level 1:colcon.colcon_core.package_identification:_identify(.) by extension 'ignore_ament_install'
[0.197s] Level 1:colcon.colcon_core.package_identification:_identify(.) by extensions ['colcon_pkg']
[0.197s] Level 1:colcon.colcon_core.package_identification:_identify(.) by extension 'colcon_pkg'
[0.197s] Level 1:colcon.colcon_core.package_identification:_identify(.) by extensions ['colcon_meta']
[0.197s] Level 1:colcon.colcon_core.package_identification:_identify(.) by extension 'colcon_meta'
[0.197s] Level 1:colcon.colcon_core.package_identification:_identify(.) by extensions ['ros']
[0.197s] Level 1:colcon.colcon_core.package_identification:_identify(.) by extension 'ros'
[0.206s] Level 1:colcon.colcon_core.package_identification:_identify(.) by extensions ['cmake', 'python']
[0.206s] Level 1:colcon.colcon_core.package_identification:_identify(.) by extension 'cmake'
[0.206s] Level 1:colcon.colcon_core.package_identification:_identify(.) by extension 'python'
[0.206s] Level 1:colcon.colcon_core.package_identification:_identify(.) by extensions ['python_setup_py']
[0.206s] Level 1:colcon.colcon_core.package_identification:_identify(.) by extension 'python_setup_py'
[0.206s] Level 1:colcon.colcon_core.package_identification:_identify(GitHub Templates) by extensions ['ignore', 'ignore_ament_install']
[0.207s] Level 1:colcon.colcon_core.package_identification:_identify(GitHub Templates) by extension 'ignore'
[0.207s] Level 1:colcon.colcon_core.package_identification:_identify(GitHub Templates) by extension 'ignore_ament_install'
[0.207s] Level 1:colcon.colcon_core.package_identification:_identify(GitHub Templates) by extensions ['colcon_pkg']
[0.207s] Level 1:colcon.colcon_core.package_identification:_identify(GitHub Templates) by extension 'colcon_pkg'
[0.207s] Level 1:colcon.colcon_core.package_identification:_identify(GitHub Templates) by extensions ['colcon_meta']
[0.207s] Level 1:colcon.colcon_core.package_identification:_identify(GitHub Templates) by extension 'colcon_meta'
[0.207s] Level 1:colcon.colcon_core.package_identification:_identify(GitHub Templates) by extensions ['ros']
[0.207s] Level 1:colcon.colcon_core.package_identification:_identify(GitHub Templates) by extension 'ros'
[0.207s] Level 1:colcon.colcon_core.package_identification:_identify(GitHub Templates) by extensions ['cmake', 'python']
[0.207s] Level 1:colcon.colcon_core.package_identification:_identify(GitHub Templates) by extension 'cmake'
[0.207s] Level 1:colcon.colcon_core.package_identification:_identify(GitHub Templates) by extension 'python'
[0.207s] Level 1:colcon.colcon_core.package_identification:_identify(GitHub Templates) by extensions ['python_setup_py']
[0.207s] Level 1:colcon.colcon_core.package_identification:_identify(GitHub Templates) by extension 'python_setup_py'
[0.207s] Level 1:colcon.colcon_core.package_identification:_identify(astar_path_planner) by extensions ['ignore', 'ignore_ament_install']
[0.207s] Level 1:colcon.colcon_core.package_identification:_identify(astar_path_planner) by extension 'ignore'
[0.207s] Level 1:colcon.colcon_core.package_identification:_identify(astar_path_planner) by extension 'ignore_ament_install'
[0.207s] Level 1:colcon.colcon_core.package_identification:_identify(astar_path_planner) by extensions ['colcon_pkg']
[0.207s] Level 1:colcon.colcon_core.package_identification:_identify(astar_path_planner) by extension 'colcon_pkg'
[0.207s] Level 1:colcon.colcon_core.package_identification:_identify(astar_path_planner) by extensions ['colcon_meta']
[0.207s] Level 1:colcon.colcon_core.package_identification:_identify(astar_path_planner) by extension 'colcon_meta'
[0.207s] Level 1:colcon.colcon_core.package_identification:_identify(astar_path_planner) by extensions ['ros']
[0.207s] Level 1:colcon.colcon_core.package_identification:_identify(astar_path_planner) by extension 'ros'
[0.209s] DEBUG:colcon.colcon_core.package_identification:Package 'astar_path_planner' with type 'ros.ament_cmake' and name 'astar_path_planner'
[0.209s] Level 1:colcon.colcon_core.package_identification:_identify(build) by extensions ['ignore', 'ignore_ament_install']
[0.209s] Level 1:colcon.colcon_core.package_identification:_identify(build) by extension 'ignore'
[0.209s] Level 1:colcon.colcon_core.package_identification:_identify(build) ignored
[0.210s] Level 1:colcon.colcon_core.package_identification:_identify(controllers) by extensions ['ignore', 'ignore_ament_install']
[0.210s] Level 1:colcon.colcon_core.package_identification:_identify(controllers) by extension 'ignore'
[0.210s] Level 1:colcon.colcon_core.package_identification:_identify(controllers) by extension 'ignore_ament_install'
[0.210s] Level 1:colcon.colcon_core.package_identification:_identify(controllers) by extensions ['colcon_pkg']
[0.210s] Level 1:colcon.colcon_core.package_identification:_identify(controllers) by extension 'colcon_pkg'
[0.210s] Level 1:colcon.colcon_core.package_identification:_identify(controllers) by extensions ['colcon_meta']
[0.210s] Level 1:colcon.colcon_core.package_identification:_identify(controllers) by extension 'colcon_meta'
[0.210s] Level 1:colcon.colcon_core.package_identification:_identify(controllers) by extensions ['ros']
[0.210s] Level 1:colcon.colcon_core.package_identification:_identify(controllers) by extension 'ros'
[0.211s] DEBUG:colcon.colcon_core.package_identification:Package 'controllers' with type 'ros.ament_cmake' and name 'controllers'
[0.211s] Level 1:colcon.colcon_core.package_identification:_identify(coordinate_transform) by extensions ['ignore', 'ignore_ament_install']
[0.211s] Level 1:colcon.colcon_core.package_identification:_identify(coordinate_transform) by extension 'ignore'
[0.211s] Level 1:colcon.colcon_core.package_identification:_identify(coordinate_transform) by extension 'ignore_ament_install'
[0.211s] Level 1:colcon.colcon_core.package_identification:_identify(coordinate_transform) by extensions ['colcon_pkg']
[0.211s] Level 1:colcon.colcon_core.package_identification:_identify(coordinate_transform) by extension 'colcon_pkg'
[0.211s] Level 1:colcon.colcon_core.package_identification:_identify(coordinate_transform) by extensions ['colcon_meta']
[0.211s] Level 1:colcon.colcon_core.package_identification:_identify(coordinate_transform) by extension 'colcon_meta'
[0.211s] Level 1:colcon.colcon_core.package_identification:_identify(coordinate_transform) by extensions ['ros']
[0.211s] Level 1:colcon.colcon_core.package_identification:_identify(coordinate_transform) by extension 'ros'
[0.212s] DEBUG:colcon.colcon_core.package_identification:Package 'coordinate_transform' with type 'ros.ament_cmake' and name 'coordinate_transform'
[0.212s] Level 1:colcon.colcon_core.package_identification:_identify(install) by extensions ['ignore', 'ignore_ament_install']
[0.212s] Level 1:colcon.colcon_core.package_identification:_identify(install) by extension 'ignore'
[0.212s] Level 1:colcon.colcon_core.package_identification:_identify(install) ignored
[0.212s] Level 1:colcon.colcon_core.package_identification:_identify(localization) by extensions ['ignore', 'ignore_ament_install']
[0.212s] Level 1:colcon.colcon_core.package_identification:_identify(localization) by extension 'ignore'
[0.212s] Level 1:colcon.colcon_core.package_identification:_identify(localization) by extension 'ignore_ament_install'
[0.212s] Level 1:colcon.colcon_core.package_identification:_identify(localization) by extensions ['colcon_pkg']
[0.212s] Level 1:colcon.colcon_core.package_identification:_identify(localization) by extension 'colcon_pkg'
[0.212s] Level 1:colcon.colcon_core.package_identification:_identify(localization) by extensions ['colcon_meta']
[0.212s] Level 1:colcon.colcon_core.package_identification:_identify(localization) by extension 'colcon_meta'
[0.212s] Level 1:colcon.colcon_core.package_identification:_identify(localization) by extensions ['ros']
[0.212s] Level 1:colcon.colcon_core.package_identification:_identify(localization) by extension 'ros'
[0.213s] DEBUG:colcon.colcon_core.package_identification:Package 'localization' with type 'ros.ament_cmake' and name 'localization'
[0.213s] Level 1:colcon.colcon_core.package_identification:_identify(log) by extensions ['ignore', 'ignore_ament_install']
[0.213s] Level 1:colcon.colcon_core.package_identification:_identify(log) by extension 'ignore'
[0.213s] Level 1:colcon.colcon_core.package_identification:_identify(log) ignored
[0.213s] Level 1:colcon.colcon_core.package_identification:_identify(mapping) by extensions ['ignore', 'ignore_ament_install']
[0.213s] Level 1:colcon.colcon_core.package_identification:_identify(mapping) by extension 'ignore'
[0.213s] Level 1:colcon.colcon_core.package_identification:_identify(mapping) by extension 'ignore_ament_install'
[0.213s] Level 1:colcon.colcon_core.package_identification:_identify(mapping) by extensions ['colcon_pkg']
[0.213s] Level 1:colcon.colcon_core.package_identification:_identify(mapping) by extension 'colcon_pkg'
[0.213s] Level 1:colcon.colcon_core.package_identification:_identify(mapping) by extensions ['colcon_meta']
[0.213s] Level 1:colcon.colcon_core.package_identification:_identify(mapping) by extension 'colcon_meta'
[0.213s] Level 1:colcon.colcon_core.package_identification:_identify(mapping) by extensions ['ros']
[0.213s] Level 1:colcon.colcon_core.package_identification:_identify(mapping) by extension 'ros'
[0.214s] DEBUG:colcon.colcon_core.package_identification:Package 'mapping' with type 'ros.ament_cmake' and name 'mapping'
[0.214s] Level 1:colcon.colcon_core.package_identification:_identify(mineral_deposit_tracking) by extensions ['ignore', 'ignore_ament_install']
[0.214s] Level 1:colcon.colcon_core.package_identification:_identify(mineral_deposit_tracking) by extension 'ignore'
[0.214s] Level 1:colcon.colcon_core.package_identification:_identify(mineral_deposit_tracking) by extension 'ignore_ament_install'
[0.214s] Level 1:colcon.colcon_core.package_identification:_identify(mineral_deposit_tracking) by extensions ['colcon_pkg']
[0.214s] Level 1:colcon.colcon_core.package_identification:_identify(mineral_deposit_tracking) by extension 'colcon_pkg'
[0.214s] Level 1:colcon.colcon_core.package_identification:_identify(mineral_deposit_tracking) by extensions ['colcon_meta']
[0.214s] Level 1:colcon.colcon_core.package_identification:_identify(mineral_deposit_tracking) by extension 'colcon_meta'
[0.214s] Level 1:colcon.colcon_core.package_identification:_identify(mineral_deposit_tracking) by extensions ['ros']
[0.214s] Level 1:colcon.colcon_core.package_identification:_identify(mineral_deposit_tracking) by extension 'ros'
[0.215s] DEBUG:colcon.colcon_core.package_identification:Package 'mineral_deposit_tracking' with type 'ros.ament_cmake' and name 'mineral_deposit_tracking'
[0.215s] Level 1:colcon.colcon_core.package_identification:_identify(obstacle_detector) by extensions ['ignore', 'ignore_ament_install']
[0.215s] Level 1:colcon.colcon_core.package_identification:_identify(obstacle_detector) by extension 'ignore'
[0.215s] Level 1:colcon.colcon_core.package_identification:_identify(obstacle_detector) by extension 'ignore_ament_install'
[0.215s] Level 1:colcon.colcon_core.package_identification:_identify(obstacle_detector) by extensions ['colcon_pkg']
[0.215s] Level 1:colcon.colcon_core.package_identification:_identify(obstacle_detector) by extension 'colcon_pkg'
[0.215s] Level 1:colcon.colcon_core.package_identification:_identify(obstacle_detector) by extensions ['colcon_meta']
[0.215s] Level 1:colcon.colcon_core.package_identification:_identify(obstacle_detector) by extension 'colcon_meta'
[0.215s] Level 1:colcon.colcon_core.package_identification:_identify(obstacle_detector) by extensions ['ros']
[0.215s] Level 1:colcon.colcon_core.package_identification:_identify(obstacle_detector) by extension 'ros'
[0.216s] DEBUG:colcon.colcon_core.package_identification:Package 'obstacle_detector' with type 'ros.ament_cmake' and name 'obstacle_detector'
[0.216s] Level 1:colcon.colcon_core.package_identification:_identify(peak_finder) by extensions ['ignore', 'ignore_ament_install']
[0.216s] Level 1:colcon.colcon_core.package_identification:_identify(peak_finder) by extension 'ignore'
[0.216s] Level 1:colcon.colcon_core.package_identification:_identify(peak_finder) by extension 'ignore_ament_install'
[0.216s] Level 1:colcon.colcon_core.package_identification:_identify(peak_finder) by extensions ['colcon_pkg']
[0.216s] Level 1:colcon.colcon_core.package_identification:_identify(peak_finder) by extension 'colcon_pkg'
[0.216s] Level 1:colcon.colcon_core.package_identification:_identify(peak_finder) by extensions ['colcon_meta']
[0.216s] Level 1:colcon.colcon_core.package_identification:_identify(peak_finder) by extension 'colcon_meta'
[0.216s] Level 1:colcon.colcon_core.package_identification:_identify(peak_finder) by extensions ['ros']
[0.216s] Level 1:colcon.colcon_core.package_identification:_identify(peak_finder) by extension 'ros'
[0.216s] DEBUG:colcon.colcon_core.package_identification:Package 'peak_finder' with type 'ros.ament_cmake' and name 'peak_finder'
[0.216s] Level 1:colcon.colcon_core.package_identification:_identify(projects) by extensions ['ignore', 'ignore_ament_install']
[0.216s] Level 1:colcon.colcon_core.package_identification:_identify(projects) by extension 'ignore'
[0.216s] Level 1:colcon.colcon_core.package_identification:_identify(projects) by extension 'ignore_ament_install'
[0.217s] Level 1:colcon.colcon_core.package_identification:_identify(projects) by extensions ['colcon_pkg']
[0.217s] Level 1:colcon.colcon_core.package_identification:_identify(projects) by extension 'colcon_pkg'
[0.217s] Level 1:colcon.colcon_core.package_identification:_identify(projects) by extensions ['colcon_meta']
[0.217s] Level 1:colcon.colcon_core.package_identification:_identify(projects) by extension 'colcon_meta'
[0.217s] Level 1:colcon.colcon_core.package_identification:_identify(projects) by extensions ['ros']
[0.217s] Level 1:colcon.colcon_core.package_identification:_identify(projects) by extension 'ros'
[0.217s] Level 1:colcon.colcon_core.package_identification:_identify(projects) by extensions ['cmake', 'python']
[0.217s] Level 1:colcon.colcon_core.package_identification:_identify(projects) by extension 'cmake'
[0.217s] Level 1:colcon.colcon_core.package_identification:_identify(projects) by extension 'python'
[0.217s] Level 1:colcon.colcon_core.package_identification:_identify(projects) by extensions ['python_setup_py']
[0.217s] Level 1:colcon.colcon_core.package_identification:_identify(projects) by extension 'python_setup_py'
[0.217s] Level 1:colcon.colcon_core.package_identification:_identify(projects/week_1) by extensions ['ignore', 'ignore_ament_install']
[0.217s] Level 1:colcon.colcon_core.package_identification:_identify(projects/week_1) by extension 'ignore'
[0.217s] Level 1:colcon.colcon_core.package_identification:_identify(projects/week_1) by extension 'ignore_ament_install'
[0.217s] Level 1:colcon.colcon_core.package_identification:_identify(projects/week_1) by extensions ['colcon_pkg']
[0.217s] Level 1:colcon.colcon_core.package_identification:_identify(projects/week_1) by extension 'colcon_pkg'
[0.217s] Level 1:colcon.colcon_core.package_identification:_identify(projects/week_1) by extensions ['colcon_meta']
[0.217s] Level 1:colcon.colcon_core.package_identification:_identify(projects/week_1) by extension 'colcon_meta'
[0.217s] Level 1:colcon.colcon_core.package_identification:_identify(projects/week_1) by extensions ['ros']
[0.217s] Level 1:colcon.colcon_core.package_identification:_identify(projects/week_1) by extension 'ros'
[0.217s] Level 1:colcon.colcon_core.package_identification:_identify(projects/week_1) by extensions ['cmake', 'python']
[0.217s] Level 1:colcon.colcon_core.package_identification:_identify(projects/week_1) by extension 'cmake'
[0.217s] Level 1:colcon.colcon_core.package_identification:_identify(projects/week_1) by extension 'python'
[0.217s] Level 1:colcon.colcon_core.package_identification:_identify(projects/week_1) by extensions ['python_setup_py']
[0.217s] Level 1:colcon.colcon_core.package_identification:_identify(projects/week_1) by extension 'python_setup_py'
[0.217s] Level 1:colcon.colcon_core.package_identification:_identify(projects/week_10) by extensions ['ignore', 'ignore_ament_install']
[0.217s] Level 1:colcon.colcon_core.package_identification:_identify(projects/week_10) by extension 'ignore'
[0.217s] Level 1:colcon.colcon_core.package_identification:_identify(projects/week_10) by extension 'ignore_ament_install'
[0.217s] Level 1:colcon.colcon_core.package_identification:_identify(projects/week_10) by extensions ['colcon_pkg']
[0.217s] Level 1:colcon.colcon_core.package_identification:_identify(projects/week_10) by extension 'colcon_pkg'
[0.217s] Level 1:colcon.colcon_core.package_identification:_identify(projects/week_10) by extensions ['colcon_meta']
[0.217s] Level 1:colcon.colcon_core.package_identification:_identify(projects/week_10) by extension 'colcon_meta'
[0.217s] Level 1:colcon.colcon_core.package_identification:_identify(projects/week_10) by extensions ['ros']
[0.217s] Level 1:colcon.colcon_core.package_identification:_identify(projects/week_10) by extension 'ros'
[0.217s] Level 1:colcon.colcon_core.package_identification:_identify(projects/week_10) by extensions ['cmake', 'python']
[0.217s] Level 1:colcon.colcon_core.package_identification:_identify(projects/week_10) by extension 'cmake'
[0.217s] Level 1:colcon.colcon_core.package_identification:_identify(projects/week_10) by extension 'python'
[0.217s] Level 1:colcon.colcon_core.package_identification:_identify(projects/week_10) by extensions ['python_setup_py']
[0.217s] Level 1:colcon.colcon_core.package_identification:_identify(projects/week_10) by extension 'python_setup_py'
[0.217s] Level 1:colcon.colcon_core.package_identification:_identify(projects/week_2) by extensions ['ignore', 'ignore_ament_install']
[0.217s] Level 1:colcon.colcon_core.package_identification:_identify(projects/week_2) by extension 'ignore'
[0.218s] Level 1:colcon.colcon_core.package_identification:_identify(projects/week_2) by extension 'ignore_ament_install'
[0.218s] Level 1:colcon.colcon_core.package_identification:_identify(projects/week_2) by extensions ['colcon_pkg']
[0.218s] Level 1:colcon.colcon_core.package_identification:_identify(projects/week_2) by extension 'colcon_pkg'
[0.218s] Level 1:colcon.colcon_core.package_identification:_identify(projects/week_2) by extensions ['colcon_meta']
[0.218s] Level 1:colcon.colcon_core.package_identification:_identify(projects/week_2) by extension 'colcon_meta'
[0.218s] Level 1:colcon.colcon_core.package_identification:_identify(projects/week_2) by extensions ['ros']
[0.218s] Level 1:colcon.colcon_core.package_identification:_identify(projects/week_2) by extension 'ros'
[0.218s] Level 1:colcon.colcon_core.package_identification:_identify(projects/week_2) by extensions ['cmake', 'python']
[0.218s] Level 1:colcon.colcon_core.package_identification:_identify(projects/week_2) by extension 'cmake'
[0.218s] Level 1:colcon.colcon_core.package_identification:_identify(projects/week_2) by extension 'python'
[0.218s] Level 1:colcon.colcon_core.package_identification:_identify(projects/week_2) by extensions ['python_setup_py']
[0.218s] Level 1:colcon.colcon_core.package_identification:_identify(projects/week_2) by extension 'python_setup_py'
[0.218s] Level 1:colcon.colcon_core.package_identification:_identify(projects/week_3) by extensions ['ignore', 'ignore_ament_install']
[0.218s] Level 1:colcon.colcon_core.package_identification:_identify(projects/week_3) by extension 'ignore'
[0.218s] Level 1:colcon.colcon_core.package_identification:_identify(projects/week_3) by extension 'ignore_ament_install'
[0.218s] Level 1:colcon.colcon_core.package_identification:_identify(projects/week_3) by extensions ['colcon_pkg']
[0.218s] Level 1:colcon.colcon_core.package_identification:_identify(projects/week_3) by extension 'colcon_pkg'
[0.218s] Level 1:colcon.colcon_core.package_identification:_identify(projects/week_3) by extensions ['colcon_meta']
[0.218s] Level 1:colcon.colcon_core.package_identification:_identify(projects/week_3) by extension 'colcon_meta'
[0.218s] Level 1:colcon.colcon_core.package_identification:_identify(projects/week_3) by extensions ['ros']
[0.218s] Level 1:colcon.colcon_core.package_identification:_identify(projects/week_3) by extension 'ros'
[0.218s] Level 1:colcon.colcon_core.package_identification:_identify(projects/week_3) by extensions ['cmake', 'python']
[0.218s] Level 1:colcon.colcon_core.package_identification:_identify(projects/week_3) by extension 'cmake'
[0.218s] Level 1:colcon.colcon_core.package_identification:_identify(projects/week_3) by extension 'python'
[0.218s] Level 1:colcon.colcon_core.package_identification:_identify(projects/week_3) by extensions ['python_setup_py']
[0.218s] Level 1:colcon.colcon_core.package_identification:_identify(projects/week_3) by extension 'python_setup_py'
[0.218s] Level 1:colcon.colcon_core.package_identification:_identify(projects/week_4) by extensions ['ignore', 'ignore_ament_install']
[0.218s] Level 1:colcon.colcon_core.package_identification:_identify(projects/week_4) by extension 'ignore'
[0.218s] Level 1:colcon.colcon_core.package_identification:_identify(projects/week_4) by extension 'ignore_ament_install'
[0.218s] Level 1:colcon.colcon_core.package_identification:_identify(projects/week_4) by extensions ['colcon_pkg']
[0.218s] Level 1:colcon.colcon_core.package_identification:_identify(projects/week_4) by extension 'colcon_pkg'
[0.218s] Level 1:colcon.colcon_core.package_identification:_identify(projects/week_4) by extensions ['colcon_meta']
[0.218s] Level 1:colcon.colcon_core.package_identification:_identify(projects/week_4) by extension 'colcon_meta'
[0.218s] Level 1:colcon.colcon_core.package_identification:_identify(projects/week_4) by extensions ['ros']
[0.218s] Level 1:colcon.colcon_core.package_identification:_identify(projects/week_4) by extension 'ros'
[0.218s] Level 1:colcon.colcon_core.package_identification:_identify(projects/week_4) by extensions ['cmake', 'python']
[0.218s] Level 1:colcon.colcon_core.package_identification:_identify(projects/week_4) by extension 'cmake'
[0.218s] Level 1:colcon.colcon_core.package_identification:_identify(projects/week_4) by extension 'python'
[0.219s] Level 1:colcon.colcon_core.package_identification:_identify(projects/week_4) by extensions ['python_setup_py']
[0.219s] Level 1:colcon.colcon_core.package_identification:_identify(projects/week_4) by extension 'python_setup_py'
[0.219s] Level 1:colcon.colcon_core.package_identification:_identify(projects/week_5) by extensions ['ignore', 'ignore_ament_install']
[0.219s] Level 1:colcon.colcon_core.package_identification:_identify(projects/week_5) by extension 'ignore'
[0.219s] Level 1:colcon.colcon_core.package_identification:_identify(projects/week_5) by extension 'ignore_ament_install'
[0.219s] Level 1:colcon.colcon_core.package_identification:_identify(projects/week_5) by extensions ['colcon_pkg']
[0.219s] Level 1:colcon.colcon_core.package_identification:_identify(projects/week_5) by extension 'colcon_pkg'
[0.219s] Level 1:colcon.colcon_core.package_identification:_identify(projects/week_5) by extensions ['colcon_meta']
[0.219s] Level 1:colcon.colcon_core.package_identification:_identify(projects/week_5) by extension 'colcon_meta'
[0.219s] Level 1:colcon.colcon_core.package_identification:_identify(projects/week_5) by extensions ['ros']
[0.219s] Level 1:colcon.colcon_core.package_identification:_identify(projects/week_5) by extension 'ros'
[0.219s] Level 1:colcon.colcon_core.package_identification:_identify(projects/week_5) by extensions ['cmake', 'python']
[0.219s] Level 1:colcon.colcon_core.package_identification:_identify(projects/week_5) by extension 'cmake'
[0.219s] Level 1:colcon.colcon_core.package_identification:_identify(projects/week_5) by extension 'python'
[0.219s] Level 1:colcon.colcon_core.package_identification:_identify(projects/week_5) by extensions ['python_setup_py']
[0.219s] Level 1:colcon.colcon_core.package_identification:_identify(projects/week_5) by extension 'python_setup_py'
[0.219s] Level 1:colcon.colcon_core.package_identification:_identify(projects/week_6) by extensions ['ignore', 'ignore_ament_install']
[0.219s] Level 1:colcon.colcon_core.package_identification:_identify(projects/week_6) by extension 'ignore'
[0.219s] Level 1:colcon.colcon_core.package_identification:_identify(projects/week_6) by extension 'ignore_ament_install'
[0.219s] Level 1:colcon.colcon_core.package_identification:_identify(projects/week_6) by extensions ['colcon_pkg']
[0.219s] Level 1:colcon.colcon_core.package_identification:_identify(projects/week_6) by extension 'colcon_pkg'
[0.219s] Level 1:colcon.colcon_core.package_identification:_identify(projects/week_6) by extensions ['colcon_meta']
[0.219s] Level 1:colcon.colcon_core.package_identification:_identify(projects/week_6) by extension 'colcon_meta'
[0.219s] Level 1:colcon.colcon_core.package_identification:_identify(projects/week_6) by extensions ['ros']
[0.219s] Level 1:colcon.colcon_core.package_identification:_identify(projects/week_6) by extension 'ros'
[0.219s] Level 1:colcon.colcon_core.package_identification:_identify(projects/week_6) by extensions ['cmake', 'python']
[0.220s] Level 1:colcon.colcon_core.package_identification:_identify(projects/week_6) by extension 'cmake'
[0.220s] Level 1:colcon.colcon_core.package_identification:_identify(projects/week_6) by extension 'python'
[0.220s] Level 1:colcon.colcon_core.package_identification:_identify(projects/week_6) by extensions ['python_setup_py']
[0.220s] Level 1:colcon.colcon_core.package_identification:_identify(projects/week_6) by extension 'python_setup_py'
[0.220s] Level 1:colcon.colcon_core.package_identification:_identify(projects/week_7) by extensions ['ignore', 'ignore_ament_install']
[0.220s] Level 1:colcon.colcon_core.package_identification:_identify(projects/week_7) by extension 'ignore'
[0.220s] Level 1:colcon.colcon_core.package_identification:_identify(projects/week_7) by extension 'ignore_ament_install'
[0.220s] Level 1:colcon.colcon_core.package_identification:_identify(projects/week_7) by extensions ['colcon_pkg']
[0.220s] Level 1:colcon.colcon_core.package_identification:_identify(projects/week_7) by extension 'colcon_pkg'
[0.220s] Level 1:colcon.colcon_core.package_identification:_identify(projects/week_7) by extensions ['colcon_meta']
[0.220s] Level 1:colcon.colcon_core.package_identification:_identify(projects/week_7) by extension 'colcon_meta'
[0.220s] Level 1:colcon.colcon_core.package_identification:_identify(projects/week_7) by extensions ['ros']
[0.220s] Level 1:colcon.colcon_core.package_identification:_identify(projects/week_7) by extension 'ros'
[0.220s] Level 1:colcon.colcon_core.package_identification:_identify(projects/week_7) by extensions ['cmake', 'python']
[0.220s] Level 1:colcon.colcon_core.package_identification:_identify(projects/week_7) by extension 'cmake'
[0.220s] Level 1:colcon.colcon_core.package_identification:_identify(projects/week_7) by extension 'python'
[0.220s] Level 1:colcon.colcon_core.package_identification:_identify(projects/week_7) by extensions ['python_setup_py']
[0.220s] Level 1:colcon.colcon_core.package_identification:_identify(projects/week_7) by extension 'python_setup_py'
[0.220s] Level 1:colcon.colcon_core.package_identification:_identify(projects/week_8) by extensions ['ignore', 'ignore_ament_install']
[0.220s] Level 1:colcon.colcon_core.package_identification:_identify(projects/week_8) by extension 'ignore'
[0.220s] Level 1:colcon.colcon_core.package_identification:_identify(projects/week_8) by extension 'ignore_ament_install'
[0.220s] Level 1:colcon.colcon_core.package_identification:_identify(projects/week_8) by extensions ['colcon_pkg']
[0.220s] Level 1:colcon.colcon_core.package_identification:_identify(projects/week_8) by extension 'colcon_pkg'
[0.220s] Level 1:colcon.colcon_core.package_identification:_identify(projects/week_8) by extensions ['colcon_meta']
[0.220s] Level 1:colcon.colcon_core.package_identification:_identify(projects/week_8) by extension 'colcon_meta'
[0.221s] Level 1:colcon.colcon_core.package_identification:_identify(projects/week_8) by extensions ['ros']
[0.221s] Level 1:colcon.colcon_core.package_identification:_identify(projects/week_8) by extension 'ros'
[0.221s] Level 1:colcon.colcon_core.package_identification:_identify(projects/week_8) by extensions ['cmake', 'python']
[0.221s] Level 1:colcon.colcon_core.package_identification:_identify(projects/week_8) by extension 'cmake'
[0.221s] Level 1:colcon.colcon_core.package_identification:_identify(projects/week_8) by extension 'python'
[0.221s] Level 1:colcon.colcon_core.package_identification:_identify(projects/week_8) by extensions ['python_setup_py']
[0.221s] Level 1:colcon.colcon_core.package_identification:_identify(projects/week_8) by extension 'python_setup_py'
[0.221s] Level 1:colcon.colcon_core.package_identification:_identify(projects/week_9) by extensions ['ignore', 'ignore_ament_install']
[0.221s] Level 1:colcon.colcon_core.package_identification:_identify(projects/week_9) by extension 'ignore'
[0.221s] Level 1:colcon.colcon_core.package_identification:_identify(projects/week_9) by extension 'ignore_ament_install'
[0.221s] Level 1:colcon.colcon_core.package_identification:_identify(projects/week_9) by extensions ['colcon_pkg']
[0.221s] Level 1:colcon.colcon_core.package_identification:_identify(projects/week_9) by extension 'colcon_pkg'
[0.221s] Level 1:colcon.colcon_core.package_identification:_identify(projects/week_9) by extensions ['colcon_meta']
[0.221s] Level 1:colcon.colcon_core.package_identification:_identify(projects/week_9) by extension 'colcon_meta'
[0.221s] Level 1:colcon.colcon_core.package_identification:_identify(projects/week_9) by extensions ['ros']
[0.221s] Level 1:colcon.colcon_core.package_identification:_identify(projects/week_9) by extension 'ros'
[0.221s] Level 1:colcon.colcon_core.package_identification:_identify(projects/week_9) by extensions ['cmake', 'python']
[0.221s] Level 1:colcon.colcon_core.package_identification:_identify(projects/week_9) by extension 'cmake'
[0.221s] Level 1:colcon.colcon_core.package_identification:_identify(projects/week_9) by extension 'python'
[0.221s] Level 1:colcon.colcon_core.package_identification:_identify(projects/week_9) by extensions ['python_setup_py']
[0.221s] Level 1:colcon.colcon_core.package_identification:_identify(projects/week_9) by extension 'python_setup_py'
[0.221s] Level 1:colcon.colcon_core.package_identification:_identify(reference_solutions) by extensions ['ignore', 'ignore_ament_install']
[0.221s] Level 1:colcon.colcon_core.package_identification:_identify(reference_solutions) by extension 'ignore'
[0.221s] Level 1:colcon.colcon_core.package_identification:_identify(reference_solutions) ignored
[0.221s] Level 1:colcon.colcon_core.package_identification:_identify(rj_training_bringup) by extensions ['ignore', 'ignore_ament_install']
[0.221s] Level 1:colcon.colcon_core.package_identification:_identify(rj_training_bringup) by extension 'ignore'
[0.221s] Level 1:colcon.colcon_core.package_identification:_identify(rj_training_bringup) by extension 'ignore_ament_install'
[0.221s] Level 1:colcon.colcon_core.package_identification:_identify(rj_training_bringup) by extensions ['colcon_pkg']
[0.221s] Level 1:colcon.colcon_core.package_identification:_identify(rj_training_bringup) by extension 'colcon_pkg'
[0.221s] Level 1:colcon.colcon_core.package_identification:_identify(rj_training_bringup) by extensions ['colcon_meta']
[0.221s] Level 1:colcon.colcon_core.package_identification:_identify(rj_training_bringup) by extension 'colcon_meta'
[0.221s] Level 1:colcon.colcon_core.package_identification:_identify(rj_training_bringup) by extensions ['ros']
[0.221s] Level 1:colcon.colcon_core.package_identification:_identify(rj_training_bringup) by extension 'ros'
[0.222s] DEBUG:colcon.colcon_core.package_identification:Package 'rj_training_bringup' with type 'ros.ament_cmake' and name 'rj_training_bringup'
[0.222s] Level 1:colcon.colcon_core.package_identification:_identify(setup_instructons) by extensions ['ignore', 'ignore_ament_install']
[0.222s] Level 1:colcon.colcon_core.package_identification:_identify(setup_instructons) by extension 'ignore'
[0.222s] Level 1:colcon.colcon_core.package_identification:_identify(setup_instructons) by extension 'ignore_ament_install'
[0.222s] Level 1:colcon.colcon_core.package_identification:_identify(setup_instructons) by extensions ['colcon_pkg']
[0.222s] Level 1:colcon.colcon_core.package_identification:_identify(setup_instructons) by extension 'colcon_pkg'
[0.222s] Level 1:colcon.colcon_core.package_identification:_identify(setup_instructons) by extensions ['colcon_meta']
[0.222s] Level 1:colcon.colcon_core.package_identification:_identify(setup_instructons) by extension 'colcon_meta'
[0.222s] Level 1:colcon.colcon_core.package_identification:_identify(setup_instructons) by extensions ['ros']
[0.222s] Level 1:colcon.colcon_core.package_identification:_identify(setup_instructons) by extension 'ros'
[0.222s] Level 1:colcon.colcon_core.package_identification:_identify(setup_instructons) by extensions ['cmake', 'python']
[0.222s] Level 1:colcon.colcon_core.package_identification:_identify(setup_instructons) by extension 'cmake'
[0.222s] Level 1:colcon.colcon_core.package_identification:_identify(setup_instructons) by extension 'python'
[0.223s] Level 1:colcon.colcon_core.package_identification:_identify(setup_instructons) by extensions ['python_setup_py']
[0.223s] Level 1:colcon.colcon_core.package_identification:_identify(setup_instructons) by extension 'python_setup_py'
[0.223s] Level 1:colcon.colcon_core.package_identification:_identify(setup_instructons/pictures) by extensions ['ignore', 'ignore_ament_install']
[0.223s] Level 1:colcon.colcon_core.package_identification:_identify(setup_instructons/pictures) by extension 'ignore'
[0.223s] Level 1:colcon.colcon_core.package_identification:_identify(setup_instructons/pictures) by extension 'ignore_ament_install'
[0.223s] Level 1:colcon.colcon_core.package_identification:_identify(setup_instructons/pictures) by extensions ['colcon_pkg']
[0.223s] Level 1:colcon.colcon_core.package_identification:_identify(setup_instructons/pictures) by extension 'colcon_pkg'
[0.223s] Level 1:colcon.colcon_core.package_identification:_identify(setup_instructons/pictures) by extensions ['colcon_meta']
[0.223s] Level 1:colcon.colcon_core.package_identification:_identify(setup_instructons/pictures) by extension 'colcon_meta'
[0.223s] Level 1:colcon.colcon_core.package_identification:_identify(setup_instructons/pictures) by extensions ['ros']
[0.223s] Level 1:colcon.colcon_core.package_identification:_identify(setup_instructons/pictures) by extension 'ros'
[0.223s] Level 1:colcon.colcon_core.package_identification:_identify(setup_instructons/pictures) by extensions ['cmake', 'python']
[0.223s] Level 1:colcon.colcon_core.package_identification:_identify(setup_instructons/pictures) by extension 'cmake'
[0.223s] Level 1:colcon.colcon_core.package_identification:_identify(setup_instructons/pictures) by extension 'python'
[0.223s] Level 1:colcon.colcon_core.package_identification:_identify(setup_instructons/pictures) by extensions ['python_setup_py']
[0.223s] Level 1:colcon.colcon_core.package_identification:_identify(setup_instructons/pictures) by extension 'python_setup_py'
[0.223s] Level 1:colcon.colcon_core.package_discovery:discover_packages(recursive) using defaults
[0.223s] Level 1:colcon.colcon_core.package_discovery:discover_packages(ignore) discover
[0.223s] Level 1:colcon.colcon_core.package_discovery:discover_packages(ignore) using defaults
[0.223s] Level 1:colcon.colcon_core.package_discovery:discover_packages(path) discover
[0.223s] Level 1:colcon.colcon_core.package_discovery:discover_packages(path) using defaults
[0.251s] INFO:colcon.colcon_core.package_selection:Skipping not selected package 'astar_path_planner' in 'astar_path_planner'
[0.251s] INFO:colcon.colcon_core.package_selection:Skipping not selected package 'controllers' in 'controllers'
[0.251s] INFO:colcon.colcon_core.package_selection:Skipping not selected package 'coordinate_transform' in 'coordinate_transform'
[0.251s] INFO:colcon.colcon_core.package_selection:Skipping not selected package 'mapping' in 'mapping'
[0.251s] INFO:colcon.colcon_core.package_selection:Skipping not selected package 'mineral_deposit_tracking' in 'mineral_deposit_tracking'
[0.251s] INFO:colcon.colcon_core.package_selection:Skipping not selected package 'obstacle_detector' in 'obstacle_detector'
[0.251s] INFO:colcon.colcon_core.package_selection:Skipping not selected package 'peak_finder' in 'peak_finder'
[0.251s] INFO:colcon.colcon_core.package_selection:Skipping not selected package 'rj_training_bringup' in 'rj_training_bringup'
[0.251s] Level 1:colcon.colcon_core.package_discovery:discover_packages(prefix_path) check parameters
[0.251s] Level 1:colcon.colcon_core.package_discovery:discover_packages(prefix_path) discover
[0.253s] DEBUG:colcon.colcon_installed_package_information.package_discovery:Found 23 installed packages in /home/david/training_ws/install
[0.254s] DEBUG:colcon.colcon_installed_package_information.package_discovery:Found 436 installed packages in /opt/ros/humble
[0.255s] Level 1:colcon.colcon_core.package_discovery:discover_packages(prefix_path) using defaults
[0.285s] Level 5:colcon.colcon_core.verb:set package 'localization' build argument 'cmake_args' from command line to 'None'
[0.285s] Level 5:colcon.colcon_core.verb:set package 'localization' build argument 'cmake_target' from command line to 'None'
[0.285s] Level 5:colcon.colcon_core.verb:set package 'localization' build argument 'cmake_target_skip_unavailable' from command line to 'False'
[0.285s] Level 5:colcon.colcon_core.verb:set package 'localization' build argument 'cmake_clean_cache' from command line to 'False'
[0.285s] Level 5:colcon.colcon_core.verb:set package 'localization' build argument 'cmake_clean_first' from command line to 'False'
[0.285s] Level 5:colcon.colcon_core.verb:set package 'localization' build argument 'cmake_force_configure' from command line to 'False'
[0.285s] Level 5:colcon.colcon_core.verb:set package 'localization' build argument 'ament_cmake_args' from command line to 'None'
[0.285s] Level 5:colcon.colcon_core.verb:set package 'localization' build argument 'catkin_cmake_args' from command line to 'None'
[0.285s] Level 5:colcon.colcon_core.verb:set package 'localization' build argument 'catkin_skip_building_tests' from command line to 'False'
[0.285s] DEBUG:colcon.colcon_core.verb:Building package 'localization' with the following arguments: {'ament_cmake_args': None, 'build_base': '/home/david/training_ws/src/robojackets-ros2/build/localization', 'catkin_cmake_args': None, 'catkin_skip_building_tests': False, 'cmake_args': None, 'cmake_clean_cache': False, 'cmake_clean_first': False, 'cmake_force_configure': False, 'cmake_target': None, 'cmake_target_skip_unavailable': False, 'install_base': '/home/david/training_ws/src/robojackets-ros2/install/localization', 'merge_install': False, 'path': '/home/david/training_ws/src/robojackets-ros2/localization', 'symlink_install': False, 'test_result_base': None}
[0.285s] INFO:colcon.colcon_core.executor:Executing jobs using 'parallel' executor
[0.287s] DEBUG:colcon.colcon_parallel_executor.executor.parallel:run_until_complete
[0.288s] INFO:colcon.colcon_ros.task.ament_cmake.build:Building ROS package in '/home/david/training_ws/src/robojackets-ros2/localization' with build type 'ament_cmake'
[0.288s] INFO:colcon.colcon_cmake.task.cmake.build:Building CMake package in '/home/david/training_ws/src/robojackets-ros2/localization'
[0.290s] INFO:colcon.colcon_core.plugin_system:Skipping extension 'colcon_core.shell.bat': Not used on non-Windows systems
[0.290s] INFO:colcon.colcon_core.shell:Skip shell extension 'powershell' for command environment: Not usable outside of PowerShell
[0.290s] DEBUG:colcon.colcon_core.shell:Skip shell extension 'dsv' for command environment
[0.303s] DEBUG:colcon.colcon_core.event_handler.log_command:Invoking command in '/home/david/training_ws/src/robojackets-ros2/build/localization': CMAKE_PREFIX_PATH=${CMAKE_PREFIX_PATH}:/opt/ros/humble /usr/bin/cmake --build /home/david/training_ws/src/robojackets-ros2/build/localization -- -j16 -l16
[0.426s] DEBUG:colcon.colcon_core.event_handler.log_command:Invoked command in '/home/david/training_ws/src/robojackets-ros2/build/localization' returned '0': CMAKE_PREFIX_PATH=${CMAKE_PREFIX_PATH}:/opt/ros/humble /usr/bin/cmake --build /home/david/training_ws/src/robojackets-ros2/build/localization -- -j16 -l16
[0.440s] DEBUG:colcon.colcon_core.event_handler.log_command:Invoking command in '/home/david/training_ws/src/robojackets-ros2/build/localization': CMAKE_PREFIX_PATH=${CMAKE_PREFIX_PATH}:/opt/ros/humble /usr/bin/cmake --install /home/david/training_ws/src/robojackets-ros2/build/localization
[0.455s] Level 1:colcon.colcon_core.environment:create_environment_scripts_only(localization)
[0.455s] DEBUG:colcon.colcon_core.event_handler.log_command:Invoked command in '/home/david/training_ws/src/robojackets-ros2/build/localization' returned '0': CMAKE_PREFIX_PATH=${CMAKE_PREFIX_PATH}:/opt/ros/humble /usr/bin/cmake --install /home/david/training_ws/src/robojackets-ros2/build/localization
[0.457s] Level 1:colcon.colcon_core.environment:checking '/home/david/training_ws/src/robojackets-ros2/install/localization' for CMake module files
[0.458s] Level 1:colcon.colcon_core.environment:checking '/home/david/training_ws/src/robojackets-ros2/install/localization' for CMake config files
[0.458s] Level 1:colcon.colcon_core.shell:create_environment_hook('localization', 'cmake_prefix_path')
[0.458s] INFO:colcon.colcon_core.shell:Creating environment hook '/home/david/training_ws/src/robojackets-ros2/install/localization/share/localization/hook/cmake_prefix_path.ps1'
[0.459s] INFO:colcon.colcon_core.shell:Creating environment descriptor '/home/david/training_ws/src/robojackets-ros2/install/localization/share/localization/hook/cmake_prefix_path.dsv'
[0.459s] INFO:colcon.colcon_core.shell:Creating environment hook '/home/david/training_ws/src/robojackets-ros2/install/localization/share/localization/hook/cmake_prefix_path.sh'
[0.460s] Level 1:colcon.colcon_core.environment:checking '/home/david/training_ws/src/robojackets-ros2/install/localization/lib'
[0.460s] Level 1:colcon.colcon_core.shell:create_environment_hook('localization', 'ld_library_path_lib')
[0.460s] INFO:colcon.colcon_core.shell:Creating environment hook '/home/david/training_ws/src/robojackets-ros2/install/localization/share/localization/hook/ld_library_path_lib.ps1'
[0.460s] INFO:colcon.colcon_core.shell:Creating environment descriptor '/home/david/training_ws/src/robojackets-ros2/install/localization/share/localization/hook/ld_library_path_lib.dsv'
[0.460s] INFO:colcon.colcon_core.shell:Creating environment hook '/home/david/training_ws/src/robojackets-ros2/install/localization/share/localization/hook/ld_library_path_lib.sh'
[0.461s] Level 1:colcon.colcon_core.environment:checking '/home/david/training_ws/src/robojackets-ros2/install/localization/bin'
[0.461s] Level 1:colcon.colcon_core.environment:checking '/home/david/training_ws/src/robojackets-ros2/install/localization/lib/pkgconfig/localization.pc'
[0.461s] Level 1:colcon.colcon_core.environment:checking '/home/david/training_ws/src/robojackets-ros2/install/localization/lib/python3.10/site-packages'
[0.461s] Level 1:colcon.colcon_core.environment:checking '/home/david/training_ws/src/robojackets-ros2/install/localization/bin'
[0.461s] INFO:colcon.colcon_core.shell:Creating package script '/home/david/training_ws/src/robojackets-ros2/install/localization/share/localization/package.ps1'
[0.462s] INFO:colcon.colcon_core.shell:Creating package descriptor '/home/david/training_ws/src/robojackets-ros2/install/localization/share/localization/package.dsv'
[0.462s] INFO:colcon.colcon_core.shell:Creating package script '/home/david/training_ws/src/robojackets-ros2/install/localization/share/localization/package.sh'
[0.462s] INFO:colcon.colcon_core.shell:Creating package script '/home/david/training_ws/src/robojackets-ros2/install/localization/share/localization/package.bash'
[0.463s] INFO:colcon.colcon_core.shell:Creating package script '/home/david/training_ws/src/robojackets-ros2/install/localization/share/localization/package.zsh'
[0.463s] Level 1:colcon.colcon_core.environment:create_file_with_runtime_dependencies(/home/david/training_ws/src/robojackets-ros2/install/localization/share/colcon-core/packages/localization)
[0.464s] Level 1:colcon.colcon_core.environment:create_environment_scripts_only(localization)
[0.464s] Level 1:colcon.colcon_core.environment:checking '/home/david/training_ws/src/robojackets-ros2/install/localization' for CMake module files
[0.464s] Level 1:colcon.colcon_core.environment:checking '/home/david/training_ws/src/robojackets-ros2/install/localization' for CMake config files
[0.464s] Level 1:colcon.colcon_core.shell:create_environment_hook('localization', 'cmake_prefix_path')
[0.465s] INFO:colcon.colcon_core.shell:Creating environment hook '/home/david/training_ws/src/robojackets-ros2/install/localization/share/localization/hook/cmake_prefix_path.ps1'
[0.465s] INFO:colcon.colcon_core.shell:Creating environment descriptor '/home/david/training_ws/src/robojackets-ros2/install/localization/share/localization/hook/cmake_prefix_path.dsv'
[0.465s] INFO:colcon.colcon_core.shell:Creating environment hook '/home/david/training_ws/src/robojackets-ros2/install/localization/share/localization/hook/cmake_prefix_path.sh'
[0.465s] Level 1:colcon.colcon_core.environment:checking '/home/david/training_ws/src/robojackets-ros2/install/localization/lib'
[0.466s] Level 1:colcon.colcon_core.shell:create_environment_hook('localization', 'ld_library_path_lib')
[0.466s] INFO:colcon.colcon_core.shell:Creating environment hook '/home/david/training_ws/src/robojackets-ros2/install/localization/share/localization/hook/ld_library_path_lib.ps1'
[0.466s] INFO:colcon.colcon_core.shell:Creating environment descriptor '/home/david/training_ws/src/robojackets-ros2/install/localization/share/localization/hook/ld_library_path_lib.dsv'
[0.466s] INFO:colcon.colcon_core.shell:Creating environment hook '/home/david/training_ws/src/robojackets-ros2/install/localization/share/localization/hook/ld_library_path_lib.sh'
[0.467s] Level 1:colcon.colcon_core.environment:checking '/home/david/training_ws/src/robojackets-ros2/install/localization/bin'
[0.467s] Level 1:colcon.colcon_core.environment:checking '/home/david/training_ws/src/robojackets-ros2/install/localization/lib/pkgconfig/localization.pc'
[0.467s] Level 1:colcon.colcon_core.environment:checking '/home/david/training_ws/src/robojackets-ros2/install/localization/lib/python3.10/site-packages'
[0.467s] Level 1:colcon.colcon_core.environment:checking '/home/david/training_ws/src/robojackets-ros2/install/localization/bin'
[0.467s] INFO:colcon.colcon_core.shell:Creating package script '/home/david/training_ws/src/robojackets-ros2/install/localization/share/localization/package.ps1'
[0.468s] INFO:colcon.colcon_core.shell:Creating package descriptor '/home/david/training_ws/src/robojackets-ros2/install/localization/share/localization/package.dsv'
[0.468s] INFO:colcon.colcon_core.shell:Creating package script '/home/david/training_ws/src/robojackets-ros2/install/localization/share/localization/package.sh'
[0.468s] INFO:colcon.colcon_core.shell:Creating package script '/home/david/training_ws/src/robojackets-ros2/install/localization/share/localization/package.bash'
[0.468s] INFO:colcon.colcon_core.shell:Creating package script '/home/david/training_ws/src/robojackets-ros2/install/localization/share/localization/package.zsh'
[0.469s] Level 1:colcon.colcon_core.environment:create_file_with_runtime_dependencies(/home/david/training_ws/src/robojackets-ros2/install/localization/share/colcon-core/packages/localization)
[0.469s] DEBUG:colcon.colcon_parallel_executor.executor.parallel:closing loop
[0.470s] DEBUG:colcon.colcon_parallel_executor.executor.parallel:loop closed
[0.470s] DEBUG:colcon.colcon_parallel_executor.executor.parallel:run_until_complete finished with '0'
[0.470s] DEBUG:colcon.colcon_core.event_reactor:joining thread
[0.479s] INFO:colcon.colcon_core.plugin_system:Skipping extension 'colcon_notification.desktop_notification.notify_send': Could not find 'notify-send'
[0.479s] INFO:colcon.colcon_core.plugin_system:Skipping extension 'colcon_notification.desktop_notification.terminal_notifier': Not used on non-Darwin systems
[0.480s] INFO:colcon.colcon_core.plugin_system:Skipping extension 'colcon_notification.desktop_notification.win32': Not used on non-Windows systems
[0.480s] INFO:colcon.colcon_notification.desktop_notification:Sending desktop notification using 'notify2'
[0.481s] DEBUG:colcon.colcon_notification.desktop_notification.notify2:Failed to initialize notify2: org.freedesktop.DBus.Error.ServiceUnknown: The name org.freedesktop.Notifications was not provided by any .service files
[0.481s] DEBUG:colcon.colcon_core.event_reactor:joined thread
[0.482s] INFO:colcon.colcon_core.shell:Creating prefix script '/home/david/training_ws/src/robojackets-ros2/install/local_setup.ps1'
[0.483s] INFO:colcon.colcon_core.shell:Creating prefix util module '/home/david/training_ws/src/robojackets-ros2/install/_local_setup_util_ps1.py'
[0.484s] INFO:colcon.colcon_core.shell:Creating prefix chain script '/home/david/training_ws/src/robojackets-ros2/install/setup.ps1'
[0.486s] INFO:colcon.colcon_core.shell:Creating prefix script '/home/david/training_ws/src/robojackets-ros2/install/local_setup.sh'
[0.487s] INFO:colcon.colcon_core.shell:Creating prefix util module '/home/david/training_ws/src/robojackets-ros2/install/_local_setup_util_sh.py'
[0.487s] INFO:colcon.colcon_core.shell:Creating prefix chain script '/home/david/training_ws/src/robojackets-ros2/install/setup.sh'
[0.488s] INFO:colcon.colcon_core.shell:Creating prefix script '/home/david/training_ws/src/robojackets-ros2/install/local_setup.bash'
[0.489s] INFO:colcon.colcon_core.shell:Creating prefix chain script '/home/david/training_ws/src/robojackets-ros2/install/setup.bash'
[0.489s] INFO:colcon.colcon_core.shell:Creating prefix script '/home/david/training_ws/src/robojackets-ros2/install/local_setup.zsh'
[0.490s] INFO:colcon.colcon_core.shell:Creating prefix chain script '/home/david/training_ws/src/robojackets-ros2/install/setup.zsh'
