[0.046s] Invoking command in '/home/david/training_ws/src/robojackets-ros2/build/obstacle_detector': CMAKE_PREFIX_PATH=${CMAKE_PREFIX_PATH}:/opt/ros/humble /usr/bin/cmake --build /home/david/training_ws/src/robojackets-ros2/build/obstacle_detector -- -j16 -l16
[0.099s] [35m[1mConsolidate compiler generated dependencies of target obstacle_detector[0m
[0.099s] [35m[1mConsolidate compiler generated dependencies of target obstacle_detector_node[0m
[0.122s] [ 40%] Built target obstacle_detector_node
[0.132s] [100%] Built target obstacle_detector
[0.164s] Invoked command in '/home/david/training_ws/src/robojackets-ros2/build/obstacle_detector' returned '0': CMAKE_PREFIX_PATH=${CMAKE_PREFIX_PATH}:/opt/ros/humble /usr/bin/cmake --build /home/david/training_ws/src/robojackets-ros2/build/obstacle_detector -- -j16 -l16
[0.164s] Invoking command in '/home/david/training_ws/src/robojackets-ros2/build/obstacle_detector': CMAKE_PREFIX_PATH=${CMAKE_PREFIX_PATH}:/opt/ros/humble /usr/bin/cmake --install /home/david/training_ws/src/robojackets-ros2/build/obstacle_detector
[0.189s] -- Install configuration: ""
[0.189s] -- Up-to-date: /home/david/training_ws/src/robojackets-ros2/install/obstacle_detector/lib/obstacle_detector/obstacle_detector_node
[0.189s] -- Up-to-date: /home/david/training_ws/src/robojackets-ros2/install/obstacle_detector/lib/libobstacle_detector.so
[0.189s] -- Up-to-date: /home/david/training_ws/src/robojackets-ros2/install/obstacle_detector/share/obstacle_detector/launch
[0.189s] -- Up-to-date: /home/david/training_ws/src/robojackets-ros2/install/obstacle_detector/share/obstacle_detector/launch/obstacle_detector.launch.py
[0.190s] -- Up-to-date: /home/david/training_ws/src/robojackets-ros2/install/obstacle_detector/share/obstacle_detector/config
[0.190s] -- Up-to-date: /home/david/training_ws/src/robojackets-ros2/install/obstacle_detector/share/obstacle_detector/config/obstacle_detector_parameters.yaml
[0.190s] -- Up-to-date: /home/david/training_ws/src/robojackets-ros2/install/obstacle_detector/share/ament_index/resource_index/package_run_dependencies/obstacle_detector
[0.191s] -- Up-to-date: /home/david/training_ws/src/robojackets-ros2/install/obstacle_detector/share/ament_index/resource_index/parent_prefix_path/obstacle_detector
[0.191s] -- Up-to-date: /home/david/training_ws/src/robojackets-ros2/install/obstacle_detector/share/obstacle_detector/environment/ament_prefix_path.sh
[0.192s] -- Up-to-date: /home/david/training_ws/src/robojackets-ros2/install/obstacle_detector/share/obstacle_detector/environment/ament_prefix_path.dsv
[0.192s] -- Up-to-date: /home/david/training_ws/src/robojackets-ros2/install/obstacle_detector/share/obstacle_detector/environment/path.sh
[0.192s] -- Up-to-date: /home/david/training_ws/src/robojackets-ros2/install/obstacle_detector/share/obstacle_detector/environment/path.dsv
[0.192s] -- Up-to-date: /home/david/training_ws/src/robojackets-ros2/install/obstacle_detector/share/obstacle_detector/local_setup.bash
[0.192s] -- Up-to-date: /home/david/training_ws/src/robojackets-ros2/install/obstacle_detector/share/obstacle_detector/local_setup.sh
[0.193s] -- Up-to-date: /home/david/training_ws/src/robojackets-ros2/install/obstacle_detector/share/obstacle_detector/local_setup.zsh
[0.193s] -- Up-to-date: /home/david/training_ws/src/robojackets-ros2/install/obstacle_detector/share/obstacle_detector/local_setup.dsv
[0.193s] -- Installing: /home/david/training_ws/src/robojackets-ros2/install/obstacle_detector/share/obstacle_detector/package.dsv
[0.193s] -- Up-to-date: /home/david/training_ws/src/robojackets-ros2/install/obstacle_detector/share/ament_index/resource_index/packages/obstacle_detector
[0.193s] -- Up-to-date: /home/david/training_ws/src/robojackets-ros2/install/obstacle_detector/share/ament_index/resource_index/rclcpp_components/obstacle_detector
[0.193s] -- Up-to-date: /home/david/training_ws/src/robojackets-ros2/install/obstacle_detector/share/obstacle_detector/cmake/obstacle_detectorConfig.cmake
[0.194s] -- Up-to-date: /home/david/training_ws/src/robojackets-ros2/install/obstacle_detector/share/obstacle_detector/cmake/obstacle_detectorConfig-version.cmake
[0.198s] -- Up-to-date: /home/david/training_ws/src/robojackets-ros2/install/obstacle_detector/share/obstacle_detector/package.xml
[0.219s] Invoked command in '/home/david/training_ws/src/robojackets-ros2/build/obstacle_detector' returned '0': CMAKE_PREFIX_PATH=${CMAKE_PREFIX_PATH}:/opt/ros/humble /usr/bin/cmake --install /home/david/training_ws/src/robojackets-ros2/build/obstacle_detector
