[ 12%] [32mBuilding CXX object CMakeFiles/localization_component.dir/src/particle_filter_localizer.cpp.o[0m
[ 25%] [32mBuilding CXX object CMakeFiles/localization_component.dir/src/odometry_sensor_model.cpp.o[0m
[ 37%] [32m[1mLinking CXX shared library liblocalization_component.so[0m
[ 75%] Built target localization_component
[100%] Built target localization_node
-- Install configuration: ""
-- Up-to-date: /home/david/training_ws/src/robojackets-ros2/install/localization/lib/localization/localization_node
-- Installing: /home/david/training_ws/src/robojackets-ros2/install/localization/lib/liblocalization_component.so
-- Set runtime path of "/home/david/training_ws/src/robojackets-ros2/install/localization/lib/liblocalization_component.so" to ""
-- Up-to-date: /home/david/training_ws/src/robojackets-ros2/install/localization/share/localization/launch
-- Up-to-date: /home/david/training_ws/src/robojackets-ros2/install/localization/share/localization/launch/particle_filter_localizer.launch.py
-- Up-to-date: /home/david/training_ws/src/robojackets-ros2/install/localization/share/localization/config
-- Up-to-date: /home/david/training_ws/src/robojackets-ros2/install/localization/share/localization/config/localizer_params.yaml
-- Up-to-date: /home/david/training_ws/src/robojackets-ros2/install/localization/share/ament_index/resource_index/package_run_dependencies/localization
-- Up-to-date: /home/david/training_ws/src/robojackets-ros2/install/localization/share/ament_index/resource_index/parent_prefix_path/localization
-- Up-to-date: /home/david/training_ws/src/robojackets-ros2/install/localization/share/localization/environment/ament_prefix_path.sh
-- Up-to-date: /home/david/training_ws/src/robojackets-ros2/install/localization/share/localization/environment/ament_prefix_path.dsv
-- Up-to-date: /home/david/training_ws/src/robojackets-ros2/install/localization/share/localization/environment/path.sh
-- Up-to-date: /home/david/training_ws/src/robojackets-ros2/install/localization/share/localization/environment/path.dsv
-- Up-to-date: /home/david/training_ws/src/robojackets-ros2/install/localization/share/localization/local_setup.bash
-- Up-to-date: /home/david/training_ws/src/robojackets-ros2/install/localization/share/localization/local_setup.sh
-- Up-to-date: /home/david/training_ws/src/robojackets-ros2/install/localization/share/localization/local_setup.zsh
-- Up-to-date: /home/david/training_ws/src/robojackets-ros2/install/localization/share/localization/local_setup.dsv
-- Installing: /home/david/training_ws/src/robojackets-ros2/install/localization/share/localization/package.dsv
-- Up-to-date: /home/david/training_ws/src/robojackets-ros2/install/localization/share/ament_index/resource_index/packages/localization
-- Up-to-date: /home/david/training_ws/src/robojackets-ros2/install/localization/share/ament_index/resource_index/rclcpp_components/localization
-- Up-to-date: /home/david/training_ws/src/robojackets-ros2/install/localization/share/localization/cmake/localizationConfig.cmake
-- Up-to-date: /home/david/training_ws/src/robojackets-ros2/install/localization/share/localization/cmake/localizationConfig-version.cmake
-- Up-to-date: /home/david/training_ws/src/robojackets-ros2/install/localization/share/localization/package.xml
