[0.068s] Invoking command in '/home/david/training_ws/src/robojackets-ros2/build/mapping': CMAKE_PREFIX_PATH=${CMAKE_PREFIX_PATH}:/opt/ros/humble /usr/bin/cmake /home/david/training_ws/src/robojackets-ros2/mapping -DCMAKE_INSTALL_PREFIX=/home/david/training_ws/src/robojackets-ros2/install/mapping
[0.212s] -- The C compiler identification is GNU 11.4.0
[0.277s] -- The CXX compiler identification is GNU 11.4.0
[0.291s] -- Detecting C compiler ABI info
[0.379s] -- Detecting C compiler ABI info - done
[0.386s] -- Check for working C compiler: /usr/bin/cc - skipped
[0.386s] -- Detecting C compile features
[0.386s] -- Detecting C compile features - done
[0.389s] -- Detecting CXX compiler ABI info
[0.476s] -- Detecting CXX compiler ABI info - done
[0.482s] -- Check for working CXX compiler: /usr/bin/c++ - skipped
[0.482s] -- Detecting CXX compile features
[0.482s] -- Detecting CXX compile features - done
[0.495s] -- Found ament_cmake: 1.3.12 (/opt/ros/humble/share/ament_cmake/cmake)
[0.680s] -- Found Python3: /usr/bin/python3 (found version "3.10.12") found components: Interpreter 
[0.819s] -- Found rclcpp: 16.0.14 (/opt/ros/humble/share/rclcpp/cmake)
[0.910s] -- Found rosidl_generator_c: 3.1.7 (/opt/ros/humble/share/rosidl_generator_c/cmake)
[0.919s] -- Found rosidl_adapter: 3.1.7 (/opt/ros/humble/share/rosidl_adapter/cmake)
[0.932s] -- Found rosidl_generator_cpp: 3.1.7 (/opt/ros/humble/share/rosidl_generator_cpp/cmake)
[0.953s] -- Using all available rosidl_typesupport_c: rosidl_typesupport_fastrtps_c;rosidl_typesupport_introspection_c
[0.982s] -- Using all available rosidl_typesupport_cpp: rosidl_typesupport_fastrtps_cpp;rosidl_typesupport_introspection_cpp
[1.060s] -- Found rmw_implementation_cmake: 6.1.2 (/opt/ros/humble/share/rmw_implementation_cmake/cmake)
[1.065s] -- Found rmw_fastrtps_cpp: 6.2.8 (/opt/ros/humble/share/rmw_fastrtps_cpp/cmake)
[1.205s] -- Found OpenSSL: /usr/lib/x86_64-linux-gnu/libcrypto.so (found version "3.0.2")  
[1.259s] -- Found FastRTPS: /opt/ros/humble/include  
[1.337s] -- Using RMW implementation 'rmw_fastrtps_cpp' as default
[1.355s] -- Looking for pthread.h
[1.438s] -- Looking for pthread.h - found
[1.438s] -- Performing Test CMAKE_HAVE_LIBC_PTHREAD
[1.511s] -- Performing Test CMAKE_HAVE_LIBC_PTHREAD - Success
[1.513s] -- Found Threads: TRUE  
[1.592s] -- Found rclcpp_components: 16.0.14 (/opt/ros/humble/share/rclcpp_components/cmake)
[1.630s] -- Found geometry_msgs: 4.9.0 (/opt/ros/humble/share/geometry_msgs/cmake)
[1.648s] -- Found nav_msgs: 4.9.0 (/opt/ros/humble/share/nav_msgs/cmake)
[1.675s] -- Found tf2_ros: 0.25.16 (/opt/ros/humble/share/tf2_ros/cmake)
[1.741s] -- Found tf2_geometry_msgs: 0.25.16 (/opt/ros/humble/share/tf2_geometry_msgs/cmake)
[1.765s] -- Found eigen3_cmake_module: 0.1.1 (/opt/ros/humble/share/eigen3_cmake_module/cmake)
[1.766s] -- Found Eigen3: TRUE (found version "3.4.0") 
[1.766s] -- Ensuring Eigen3 include directory is part of orocos-kdl CMake target
[1.773s] -- Found ament_lint_auto: 0.12.14 (/opt/ros/humble/share/ament_lint_auto/cmake)
[1.863s] -- Added test 'copyright' to check source files copyright and LICENSE
[1.863s] -- Added test 'cppcheck' to perform static code analysis on C / C++ code
[1.863s] -- Configured cppcheck include dirs: 
[1.863s] -- Configured cppcheck exclude dirs and/or files: 
[1.864s] -- Added test 'lint_cmake' to check CMake code style
[1.864s] -- Added test 'uncrustify' to check C / C++ code style
[1.864s] -- Configured uncrustify additional arguments: 
[1.865s] -- Added test 'xmllint' to check XML markup files
[1.866s] -- Configuring done
[1.886s] -- Generating done
[1.891s] -- Build files have been written to: /home/david/training_ws/src/robojackets-ros2/build/mapping
[1.904s] Invoked command in '/home/david/training_ws/src/robojackets-ros2/build/mapping' returned '0': CMAKE_PREFIX_PATH=${CMAKE_PREFIX_PATH}:/opt/ros/humble /usr/bin/cmake /home/david/training_ws/src/robojackets-ros2/mapping -DCMAKE_INSTALL_PREFIX=/home/david/training_ws/src/robojackets-ros2/install/mapping
[1.905s] Invoking command in '/home/david/training_ws/src/robojackets-ros2/build/mapping': CMAKE_PREFIX_PATH=${CMAKE_PREFIX_PATH}:/opt/ros/humble /usr/bin/cmake --build /home/david/training_ws/src/robojackets-ros2/build/mapping -- -j16 -l16
[1.960s] gmake[2]: Warning: File 'CMakeFiles/mapping_node.dir/flags.make' has modification time 1.4 s in the future
[1.960s] gmake[2]: Warning: File 'CMakeFiles/mapping.dir/flags.make' has modification time 1.4 s in the future
[1.974s] [ 50%] [32mBuilding CXX object CMakeFiles/mapping.dir/src/mapping_node.cpp.o[0m
[1.975s] [ 50%] [32mBuilding CXX object CMakeFiles/mapping_node.dir/rclcpp_components/node_main_mapping_node.cpp.o[0m
[7.410s] [ 75%] [32m[1mLinking CXX executable mapping_node[0m
[7.694s] gmake[2]: warning:  Clock skew detected.  Your build may be incomplete.
[7.719s] [ 75%] Built target mapping_node
[9.343s] [100%] [32m[1mLinking CXX shared library libmapping.so[0m
[9.699s] gmake[2]: warning:  Clock skew detected.  Your build may be incomplete.
[9.723s] [100%] Built target mapping
[9.761s] Invoked command in '/home/david/training_ws/src/robojackets-ros2/build/mapping' returned '0': CMAKE_PREFIX_PATH=${CMAKE_PREFIX_PATH}:/opt/ros/humble /usr/bin/cmake --build /home/david/training_ws/src/robojackets-ros2/build/mapping -- -j16 -l16
[9.768s] Invoking command in '/home/david/training_ws/src/robojackets-ros2/build/mapping': CMAKE_PREFIX_PATH=${CMAKE_PREFIX_PATH}:/opt/ros/humble /usr/bin/cmake --install /home/david/training_ws/src/robojackets-ros2/build/mapping
[9.788s] -- Install configuration: ""
[9.790s] -- Installing: /home/david/training_ws/src/robojackets-ros2/install/mapping/lib/mapping/mapping_node
[9.792s] -- Set runtime path of "/home/david/training_ws/src/robojackets-ros2/install/mapping/lib/mapping/mapping_node" to ""
[9.793s] -- Installing: /home/david/training_ws/src/robojackets-ros2/install/mapping/lib/libmapping.so
[9.797s] -- Set runtime path of "/home/david/training_ws/src/robojackets-ros2/install/mapping/lib/libmapping.so" to ""
[9.797s] -- Installing: /home/david/training_ws/src/robojackets-ros2/install/mapping/share/mapping/launch
[9.798s] -- Installing: /home/david/training_ws/src/robojackets-ros2/install/mapping/share/mapping/launch/mapping.launch.xml
[9.800s] -- Installing: /home/david/training_ws/src/robojackets-ros2/install/mapping/share/ament_index/resource_index/package_run_dependencies/mapping
[9.801s] -- Installing: /home/david/training_ws/src/robojackets-ros2/install/mapping/share/ament_index/resource_index/parent_prefix_path/mapping
[9.802s] -- Installing: /home/david/training_ws/src/robojackets-ros2/install/mapping/share/mapping/environment/ament_prefix_path.sh
[9.802s] -- Installing: /home/david/training_ws/src/robojackets-ros2/install/mapping/share/mapping/environment/ament_prefix_path.dsv
[9.802s] -- Installing: /home/david/training_ws/src/robojackets-ros2/install/mapping/share/mapping/environment/path.sh
[9.803s] -- Installing: /home/david/training_ws/src/robojackets-ros2/install/mapping/share/mapping/environment/path.dsv
[9.804s] -- Installing: /home/david/training_ws/src/robojackets-ros2/install/mapping/share/mapping/local_setup.bash
[9.804s] -- Installing: /home/david/training_ws/src/robojackets-ros2/install/mapping/share/mapping/local_setup.sh
[9.804s] -- Installing: /home/david/training_ws/src/robojackets-ros2/install/mapping/share/mapping/local_setup.zsh
[9.805s] -- Installing: /home/david/training_ws/src/robojackets-ros2/install/mapping/share/mapping/local_setup.dsv
[9.805s] -- Installing: /home/david/training_ws/src/robojackets-ros2/install/mapping/share/mapping/package.dsv
[9.805s] -- Installing: /home/david/training_ws/src/robojackets-ros2/install/mapping/share/ament_index/resource_index/packages/mapping
[9.806s] -- Installing: /home/david/training_ws/src/robojackets-ros2/install/mapping/share/ament_index/resource_index/rclcpp_components/mapping
[9.807s] -- Installing: /home/david/training_ws/src/robojackets-ros2/install/mapping/share/mapping/cmake/mappingConfig.cmake
[9.807s] -- Installing: /home/david/training_ws/src/robojackets-ros2/install/mapping/share/mapping/cmake/mappingConfig-version.cmake
[9.808s] -- Installing: /home/david/training_ws/src/robojackets-ros2/install/mapping/share/mapping/package.xml
[9.815s] Invoked command in '/home/david/training_ws/src/robojackets-ros2/build/mapping' returned '0': CMAKE_PREFIX_PATH=${CMAKE_PREFIX_PATH}:/opt/ros/humble /usr/bin/cmake --install /home/david/training_ws/src/robojackets-ros2/build/mapping
