-- Found ament_cmake: 1.3.12 (/opt/ros/humble/share/ament_cmake/cmake)
-- Found rclcpp: 16.0.14 (/opt/ros/humble/share/rclcpp/cmake)
-- Found rosidl_generator_c: 3.1.7 (/opt/ros/humble/share/rosidl_generator_c/cmake)
-- Found rosidl_adapter: 3.1.7 (/opt/ros/humble/share/rosidl_adapter/cmake)
-- Found rosidl_generator_cpp: 3.1.7 (/opt/ros/humble/share/rosidl_generator_cpp/cmake)
-- Using all available rosidl_typesupport_c: rosidl_typesupport_fastrtps_c;rosidl_typesupport_introspection_c
-- Using all available rosidl_typesupport_cpp: rosidl_typesupport_fastrtps_cpp;rosidl_typesupport_introspection_cpp
-- Found rmw_implementation_cmake: 6.1.2 (/opt/ros/humble/share/rmw_implementation_cmake/cmake)
-- Found rmw_fastrtps_cpp: 6.2.8 (/opt/ros/humble/share/rmw_fastrtps_cpp/cmake)
-- Using RMW implementation 'rmw_fastrtps_cpp' as default
-- Found rclcpp_components: 16.0.14 (/opt/ros/humble/share/rclcpp_components/cmake)
-- Found image_transport: 3.1.12 (/opt/ros/humble/share/image_transport/cmake)
-- Found cv_bridge: 3.2.1 (/opt/ros/humble/share/cv_bridge/cmake)
-- Found nav_msgs: 4.9.0 (/opt/ros/humble/share/nav_msgs/cmake)
-- Found tf2_ros: 0.25.16 (/opt/ros/humble/share/tf2_ros/cmake)
-- Found tf2_eigen: 0.25.16 (/opt/ros/humble/share/tf2_eigen/cmake)
-- Found stsl_interfaces: 0.1.0 (/home/david/training_ws/install/stsl_interfaces/share/stsl_interfaces/cmake)
-- Found ament_lint_auto: 0.12.14 (/opt/ros/humble/share/ament_lint_auto/cmake)
-- Added test 'copyright' to check source files copyright and LICENSE
-- Added test 'cppcheck' to perform static code analysis on C / C++ code
-- Configured cppcheck include dirs: 
-- Configured cppcheck exclude dirs and/or files: 
-- Added test 'cpplint' to check C / C++ code against the Google style
-- Configured cpplint exclude dirs and/or files: 
-- Added test 'lint_cmake' to check CMake code style
-- Added test 'uncrustify' to check C / C++ code style
-- Configured uncrustify additional arguments: 
-- Added test 'xmllint' to check XML markup files
-- Configuring done
-- Generating done
-- Build files have been written to: /home/david/training_ws/src/robojackets-ros2/build/coordinate_transform
[35m[1mConsolidate compiler generated dependencies of target coordinate_transform_node[0m
[35m[1mConsolidate compiler generated dependencies of target coordinate_transform_components[0m
[ 50%] Built target coordinate_transform_node
[100%] Built target coordinate_transform_components
-- Install configuration: ""
-- Up-to-date: /home/david/training_ws/src/robojackets-ros2/install/coordinate_transform/lib/coordinate_transform/coordinate_transform_node
-- Up-to-date: /home/david/training_ws/src/robojackets-ros2/install/coordinate_transform/lib/libcoordinate_transform_components.so
-- Up-to-date: /home/david/training_ws/src/robojackets-ros2/install/coordinate_transform/share/ament_index/resource_index/package_run_dependencies/coordinate_transform
-- Up-to-date: /home/david/training_ws/src/robojackets-ros2/install/coordinate_transform/share/ament_index/resource_index/parent_prefix_path/coordinate_transform
-- Up-to-date: /home/david/training_ws/src/robojackets-ros2/install/coordinate_transform/share/coordinate_transform/environment/ament_prefix_path.sh
-- Installing: /home/david/training_ws/src/robojackets-ros2/install/coordinate_transform/share/coordinate_transform/environment/ament_prefix_path.dsv
-- Up-to-date: /home/david/training_ws/src/robojackets-ros2/install/coordinate_transform/share/coordinate_transform/environment/path.sh
-- Installing: /home/david/training_ws/src/robojackets-ros2/install/coordinate_transform/share/coordinate_transform/environment/path.dsv
-- Up-to-date: /home/david/training_ws/src/robojackets-ros2/install/coordinate_transform/share/coordinate_transform/local_setup.bash
-- Up-to-date: /home/david/training_ws/src/robojackets-ros2/install/coordinate_transform/share/coordinate_transform/local_setup.sh
-- Up-to-date: /home/david/training_ws/src/robojackets-ros2/install/coordinate_transform/share/coordinate_transform/local_setup.zsh
-- Installing: /home/david/training_ws/src/robojackets-ros2/install/coordinate_transform/share/coordinate_transform/local_setup.dsv
-- Installing: /home/david/training_ws/src/robojackets-ros2/install/coordinate_transform/share/coordinate_transform/package.dsv
-- Up-to-date: /home/david/training_ws/src/robojackets-ros2/install/coordinate_transform/share/ament_index/resource_index/packages/coordinate_transform
-- Up-to-date: /home/david/training_ws/src/robojackets-ros2/install/coordinate_transform/share/ament_index/resource_index/rclcpp_components/coordinate_transform
-- Up-to-date: /home/david/training_ws/src/robojackets-ros2/install/coordinate_transform/share/coordinate_transform/cmake/coordinate_transformConfig.cmake
-- Up-to-date: /home/david/training_ws/src/robojackets-ros2/install/coordinate_transform/share/coordinate_transform/cmake/coordinate_transformConfig-version.cmake
-- Up-to-date: /home/david/training_ws/src/robojackets-ros2/install/coordinate_transform/share/coordinate_transform/package.xml
