[0.060s] Invoking command in '/home/david/training_ws/src/robojackets-ros2/build/coordinate_transform': CMAKE_PREFIX_PATH=${CMAKE_PREFIX_PATH}:/opt/ros/humble /usr/bin/cmake --build /home/david/training_ws/src/robojackets-ros2/build/coordinate_transform -- -j16 -l16
[0.088s] -- Found ament_cmake: 1.3.12 (/opt/ros/humble/share/ament_cmake/cmake)
[0.235s] -- Found rclcpp: 16.0.14 (/opt/ros/humble/share/rclcpp/cmake)
[0.263s] -- Found rosidl_generator_c: 3.1.7 (/opt/ros/humble/share/rosidl_generator_c/cmake)
[0.264s] -- Found rosidl_adapter: 3.1.7 (/opt/ros/humble/share/rosidl_adapter/cmake)
[0.269s] -- Found rosidl_generator_cpp: 3.1.7 (/opt/ros/humble/share/rosidl_generator_cpp/cmake)
[0.276s] -- Using all available rosidl_typesupport_c: rosidl_typesupport_fastrtps_c;rosidl_typesupport_introspection_c
[0.288s] -- Using all available rosidl_typesupport_cpp: rosidl_typesupport_fastrtps_cpp;rosidl_typesupport_introspection_cpp
[0.311s] -- Found rmw_implementation_cmake: 6.1.2 (/opt/ros/humble/share/rmw_implementation_cmake/cmake)
[0.313s] -- Found rmw_fastrtps_cpp: 6.2.8 (/opt/ros/humble/share/rmw_fastrtps_cpp/cmake)
[0.463s] -- Using RMW implementation 'rmw_fastrtps_cpp' as default
[0.490s] -- Found rclcpp_components: 16.0.14 (/opt/ros/humble/share/rclcpp_components/cmake)
[0.512s] -- Found image_transport: 3.1.12 (/opt/ros/humble/share/image_transport/cmake)
[0.562s] -- Found cv_bridge: 3.2.1 (/opt/ros/humble/share/cv_bridge/cmake)
[0.576s] -- Found nav_msgs: 4.9.0 (/opt/ros/humble/share/nav_msgs/cmake)
[0.590s] -- Found tf2_ros: 0.25.16 (/opt/ros/humble/share/tf2_ros/cmake)
[0.642s] -- Found tf2_eigen: 0.25.16 (/opt/ros/humble/share/tf2_eigen/cmake)
[0.644s] -- Found stsl_interfaces: 0.1.0 (/home/david/training_ws/install/stsl_interfaces/share/stsl_interfaces/cmake)
[0.660s] -- Found ament_lint_auto: 0.12.14 (/opt/ros/humble/share/ament_lint_auto/cmake)
[0.725s] -- Added test 'copyright' to check source files copyright and LICENSE
[0.726s] -- Added test 'cppcheck' to perform static code analysis on C / C++ code
[0.726s] -- Configured cppcheck include dirs: 
[0.727s] -- Configured cppcheck exclude dirs and/or files: 
[0.727s] -- Added test 'cpplint' to check C / C++ code against the Google style
[0.727s] -- Configured cpplint exclude dirs and/or files: 
[0.728s] -- Added test 'lint_cmake' to check CMake code style
[0.729s] -- Added test 'uncrustify' to check C / C++ code style
[0.729s] -- Configured uncrustify additional arguments: 
[0.729s] -- Added test 'xmllint' to check XML markup files
[0.730s] -- Configuring done
[0.755s] -- Generating done
[0.761s] -- Build files have been written to: /home/david/training_ws/src/robojackets-ros2/build/coordinate_transform
[0.807s] [35m[1mConsolidate compiler generated dependencies of target coordinate_transform_node[0m
[0.810s] [35m[1mConsolidate compiler generated dependencies of target coordinate_transform_components[0m
[0.830s] [ 50%] Built target coordinate_transform_node
[0.837s] [100%] Built target coordinate_transform_components
[0.861s] Invoked command in '/home/david/training_ws/src/robojackets-ros2/build/coordinate_transform' returned '0': CMAKE_PREFIX_PATH=${CMAKE_PREFIX_PATH}:/opt/ros/humble /usr/bin/cmake --build /home/david/training_ws/src/robojackets-ros2/build/coordinate_transform -- -j16 -l16
[0.865s] Invoking command in '/home/david/training_ws/src/robojackets-ros2/build/coordinate_transform': CMAKE_PREFIX_PATH=${CMAKE_PREFIX_PATH}:/opt/ros/humble /usr/bin/cmake --install /home/david/training_ws/src/robojackets-ros2/build/coordinate_transform
[0.882s] -- Install configuration: ""
[0.882s] -- Up-to-date: /home/david/training_ws/src/robojackets-ros2/install/coordinate_transform/lib/coordinate_transform/coordinate_transform_node
[0.882s] -- Up-to-date: /home/david/training_ws/src/robojackets-ros2/install/coordinate_transform/lib/libcoordinate_transform_components.so
[0.882s] -- Up-to-date: /home/david/training_ws/src/robojackets-ros2/install/coordinate_transform/share/ament_index/resource_index/package_run_dependencies/coordinate_transform
[0.882s] -- Up-to-date: /home/david/training_ws/src/robojackets-ros2/install/coordinate_transform/share/ament_index/resource_index/parent_prefix_path/coordinate_transform
[0.882s] -- Up-to-date: /home/david/training_ws/src/robojackets-ros2/install/coordinate_transform/share/coordinate_transform/environment/ament_prefix_path.sh
[0.882s] -- Installing: /home/david/training_ws/src/robojackets-ros2/install/coordinate_transform/share/coordinate_transform/environment/ament_prefix_path.dsv
[0.883s] -- Up-to-date: /home/david/training_ws/src/robojackets-ros2/install/coordinate_transform/share/coordinate_transform/environment/path.sh
[0.883s] -- Installing: /home/david/training_ws/src/robojackets-ros2/install/coordinate_transform/share/coordinate_transform/environment/path.dsv
[0.883s] -- Up-to-date: /home/david/training_ws/src/robojackets-ros2/install/coordinate_transform/share/coordinate_transform/local_setup.bash
[0.883s] -- Up-to-date: /home/david/training_ws/src/robojackets-ros2/install/coordinate_transform/share/coordinate_transform/local_setup.sh
[0.883s] -- Up-to-date: /home/david/training_ws/src/robojackets-ros2/install/coordinate_transform/share/coordinate_transform/local_setup.zsh
[0.883s] -- Installing: /home/david/training_ws/src/robojackets-ros2/install/coordinate_transform/share/coordinate_transform/local_setup.dsv
[0.883s] -- Installing: /home/david/training_ws/src/robojackets-ros2/install/coordinate_transform/share/coordinate_transform/package.dsv
[0.883s] -- Up-to-date: /home/david/training_ws/src/robojackets-ros2/install/coordinate_transform/share/ament_index/resource_index/packages/coordinate_transform
[0.883s] -- Up-to-date: /home/david/training_ws/src/robojackets-ros2/install/coordinate_transform/share/ament_index/resource_index/rclcpp_components/coordinate_transform
[0.884s] -- Up-to-date: /home/david/training_ws/src/robojackets-ros2/install/coordinate_transform/share/coordinate_transform/cmake/coordinate_transformConfig.cmake
[0.884s] -- Up-to-date: /home/david/training_ws/src/robojackets-ros2/install/coordinate_transform/share/coordinate_transform/cmake/coordinate_transformConfig-version.cmake
[0.884s] -- Up-to-date: /home/david/training_ws/src/robojackets-ros2/install/coordinate_transform/share/coordinate_transform/package.xml
[0.888s] Invoked command in '/home/david/training_ws/src/robojackets-ros2/build/coordinate_transform' returned '0': CMAKE_PREFIX_PATH=${CMAKE_PREFIX_PATH}:/opt/ros/humble /usr/bin/cmake --install /home/david/training_ws/src/robojackets-ros2/build/coordinate_transform
