-- The C compiler identification is GNU 11.4.0
-- The CXX compiler identification is GNU 11.4.0
-- Detecting C compiler ABI info
-- Detecting C compiler ABI info - done
-- Check for working C compiler: /usr/bin/cc - skipped
-- Detecting C compile features
-- Detecting C compile features - done
-- Detecting CXX compiler ABI info
-- Detecting CXX compiler ABI info - done
-- Check for working CXX compiler: /usr/bin/c++ - skipped
-- Detecting CXX compile features
-- Detecting CXX compile features - done
-- Found ament_cmake: 1.3.12 (/opt/ros/humble/share/ament_cmake/cmake)
-- Found Python3: /usr/bin/python3 (found version "3.10.12") found components: Interpreter 
-- Found rclcpp: 16.0.14 (/opt/ros/humble/share/rclcpp/cmake)
-- Found rosidl_generator_c: 3.1.7 (/opt/ros/humble/share/rosidl_generator_c/cmake)
-- Found rosidl_adapter: 3.1.7 (/opt/ros/humble/share/rosidl_adapter/cmake)
-- Found rosidl_generator_cpp: 3.1.7 (/opt/ros/humble/share/rosidl_generator_cpp/cmake)
-- Using all available rosidl_typesupport_c: rosidl_typesupport_fastrtps_c;rosidl_typesupport_introspection_c
-- Using all available rosidl_typesupport_cpp: rosidl_typesupport_fastrtps_cpp;rosidl_typesupport_introspection_cpp
-- Found rmw_implementation_cmake: 6.1.2 (/opt/ros/humble/share/rmw_implementation_cmake/cmake)
-- Found rmw_fastrtps_cpp: 6.2.8 (/opt/ros/humble/share/rmw_fastrtps_cpp/cmake)
-- Found OpenSSL: /usr/lib/x86_64-linux-gnu/libcrypto.so (found version "3.0.2")  
-- Found FastRTPS: /opt/ros/humble/include  
-- Using RMW implementation 'rmw_fastrtps_cpp' as default
-- Looking for pthread.h
-- Looking for pthread.h - found
-- Performing Test CMAKE_HAVE_LIBC_PTHREAD
-- Performing Test CMAKE_HAVE_LIBC_PTHREAD - Success
-- Found Threads: TRUE  
-- Found rclcpp_components: 16.0.14 (/opt/ros/humble/share/rclcpp_components/cmake)
-- Found rclcpp_action: 16.0.14 (/opt/ros/humble/share/rclcpp_action/cmake)
-- Found stsl_interfaces: 0.1.0 (/home/david/training_ws/install/stsl_interfaces/share/stsl_interfaces/cmake)
-- Found tf2_ros: 0.25.16 (/opt/ros/humble/share/tf2_ros/cmake)
-- Found tf2_eigen: 0.25.16 (/opt/ros/humble/share/tf2_eigen/cmake)
-- Found nav2_msgs: 1.1.18 (/opt/ros/humble/share/nav2_msgs/cmake)
-- Found ament_lint_auto: 0.12.14 (/opt/ros/humble/share/ament_lint_auto/cmake)
-- Added test 'copyright' to check source files copyright and LICENSE
-- Added test 'cppcheck' to perform static code analysis on C / C++ code
-- Configured cppcheck include dirs: 
-- Configured cppcheck exclude dirs and/or files: 
-- Added test 'cpplint' to check C / C++ code against the Google style
-- Configured cpplint exclude dirs and/or files: 
-- Added test 'lint_cmake' to check CMake code style
-- Added test 'uncrustify' to check C / C++ code style
-- Configured uncrustify additional arguments: 
-- Added test 'xmllint' to check XML markup files
-- Configuring done
-- Generating done
-- Build files have been written to: /home/david/training_ws/src/robojackets-ros2/build/peak_finder
[ 40%] [32mBuilding CXX object CMakeFiles/peak_finder_components.dir/src/peak_finder_component.cpp.o[0m
[ 40%] [32mBuilding CXX object CMakeFiles/peak_finder_components.dir/src/navigator.cpp.o[0m
[ 60%] [32mBuilding CXX object CMakeFiles/peak_finder_node.dir/rclcpp_components/node_main_peak_finder_node.cpp.o[0m
[ 80%] [32m[1mLinking CXX executable peak_finder_node[0m
[ 80%] Built target peak_finder_node
[100%] [32m[1mLinking CXX shared library libpeak_finder_components.so[0m
[100%] Built target peak_finder_components
-- Install configuration: ""
-- Installing: /home/david/training_ws/src/robojackets-ros2/install/peak_finder/lib/peak_finder/peak_finder_node
-- Set runtime path of "/home/david/training_ws/src/robojackets-ros2/install/peak_finder/lib/peak_finder/peak_finder_node" to ""
-- Installing: /home/david/training_ws/src/robojackets-ros2/install/peak_finder/lib/libpeak_finder_components.so
-- Set runtime path of "/home/david/training_ws/src/robojackets-ros2/install/peak_finder/lib/libpeak_finder_components.so" to ""
-- Installing: /home/david/training_ws/src/robojackets-ros2/install/peak_finder/share/ament_index/resource_index/package_run_dependencies/peak_finder
-- Installing: /home/david/training_ws/src/robojackets-ros2/install/peak_finder/share/ament_index/resource_index/parent_prefix_path/peak_finder
-- Installing: /home/david/training_ws/src/robojackets-ros2/install/peak_finder/share/peak_finder/environment/ament_prefix_path.sh
-- Installing: /home/david/training_ws/src/robojackets-ros2/install/peak_finder/share/peak_finder/environment/ament_prefix_path.dsv
-- Installing: /home/david/training_ws/src/robojackets-ros2/install/peak_finder/share/peak_finder/environment/path.sh
-- Installing: /home/david/training_ws/src/robojackets-ros2/install/peak_finder/share/peak_finder/environment/path.dsv
-- Installing: /home/david/training_ws/src/robojackets-ros2/install/peak_finder/share/peak_finder/local_setup.bash
-- Installing: /home/david/training_ws/src/robojackets-ros2/install/peak_finder/share/peak_finder/local_setup.sh
-- Installing: /home/david/training_ws/src/robojackets-ros2/install/peak_finder/share/peak_finder/local_setup.zsh
-- Installing: /home/david/training_ws/src/robojackets-ros2/install/peak_finder/share/peak_finder/local_setup.dsv
-- Installing: /home/david/training_ws/src/robojackets-ros2/install/peak_finder/share/peak_finder/package.dsv
-- Installing: /home/david/training_ws/src/robojackets-ros2/install/peak_finder/share/ament_index/resource_index/packages/peak_finder
-- Installing: /home/david/training_ws/src/robojackets-ros2/install/peak_finder/share/ament_index/resource_index/rclcpp_components/peak_finder
-- Installing: /home/david/training_ws/src/robojackets-ros2/install/peak_finder/share/peak_finder/cmake/peak_finderConfig.cmake
-- Installing: /home/david/training_ws/src/robojackets-ros2/install/peak_finder/share/peak_finder/cmake/peak_finderConfig-version.cmake
-- Installing: /home/david/training_ws/src/robojackets-ros2/install/peak_finder/share/peak_finder/package.xml
