[0.057s] Invoking command in '/home/david/training_ws/src/robojackets-ros2/build/peak_finder': CMAKE_PREFIX_PATH=${CMAKE_PREFIX_PATH}:/opt/ros/humble /usr/bin/cmake /home/david/training_ws/src/robojackets-ros2/peak_finder -DCMAKE_INSTALL_PREFIX=/home/david/training_ws/src/robojackets-ros2/install/peak_finder
[0.181s] -- The C compiler identification is GNU 11.4.0
[0.244s] -- The CXX compiler identification is GNU 11.4.0
[0.263s] -- Detecting C compiler ABI info
[0.350s] -- Detecting C compiler ABI info - done
[0.357s] -- Check for working C compiler: /usr/bin/cc - skipped
[0.357s] -- Detecting C compile features
[0.357s] -- Detecting C compile features - done
[0.361s] -- Detecting CXX compiler ABI info
[0.448s] -- Detecting CXX compiler ABI info - done
[0.453s] -- Check for working CXX compiler: /usr/bin/c++ - skipped
[0.453s] -- Detecting CXX compile features
[0.453s] -- Detecting CXX compile features - done
[0.467s] -- Found ament_cmake: 1.3.12 (/opt/ros/humble/share/ament_cmake/cmake)
[0.659s] -- Found Python3: /usr/bin/python3 (found version "3.10.12") found components: Interpreter 
[0.792s] -- Found rclcpp: 16.0.14 (/opt/ros/humble/share/rclcpp/cmake)
[0.882s] -- Found rosidl_generator_c: 3.1.7 (/opt/ros/humble/share/rosidl_generator_c/cmake)
[0.891s] -- Found rosidl_adapter: 3.1.7 (/opt/ros/humble/share/rosidl_adapter/cmake)
[0.904s] -- Found rosidl_generator_cpp: 3.1.7 (/opt/ros/humble/share/rosidl_generator_cpp/cmake)
[0.926s] -- Using all available rosidl_typesupport_c: rosidl_typesupport_fastrtps_c;rosidl_typesupport_introspection_c
[0.955s] -- Using all available rosidl_typesupport_cpp: rosidl_typesupport_fastrtps_cpp;rosidl_typesupport_introspection_cpp
[1.032s] -- Found rmw_implementation_cmake: 6.1.2 (/opt/ros/humble/share/rmw_implementation_cmake/cmake)
[1.038s] -- Found rmw_fastrtps_cpp: 6.2.8 (/opt/ros/humble/share/rmw_fastrtps_cpp/cmake)
[1.178s] -- Found OpenSSL: /usr/lib/x86_64-linux-gnu/libcrypto.so (found version "3.0.2")  
[1.236s] -- Found FastRTPS: /opt/ros/humble/include  
[1.321s] -- Using RMW implementation 'rmw_fastrtps_cpp' as default
[1.330s] -- Looking for pthread.h
[1.411s] -- Looking for pthread.h - found
[1.411s] -- Performing Test CMAKE_HAVE_LIBC_PTHREAD
[1.493s] -- Performing Test CMAKE_HAVE_LIBC_PTHREAD - Success
[1.495s] -- Found Threads: TRUE  
[1.564s] -- Found rclcpp_components: 16.0.14 (/opt/ros/humble/share/rclcpp_components/cmake)
[1.601s] -- Found rclcpp_action: 16.0.14 (/opt/ros/humble/share/rclcpp_action/cmake)
[1.627s] -- Found stsl_interfaces: 0.1.0 (/home/david/training_ws/install/stsl_interfaces/share/stsl_interfaces/cmake)
[1.650s] -- Found tf2_ros: 0.25.16 (/opt/ros/humble/share/tf2_ros/cmake)
[1.702s] -- Found tf2_eigen: 0.25.16 (/opt/ros/humble/share/tf2_eigen/cmake)
[1.714s] -- Found nav2_msgs: 1.1.18 (/opt/ros/humble/share/nav2_msgs/cmake)
[1.767s] -- Found ament_lint_auto: 0.12.14 (/opt/ros/humble/share/ament_lint_auto/cmake)
[1.852s] -- Added test 'copyright' to check source files copyright and LICENSE
[1.856s] -- Added test 'cppcheck' to perform static code analysis on C / C++ code
[1.857s] -- Configured cppcheck include dirs: 
[1.857s] -- Configured cppcheck exclude dirs and/or files: 
[1.857s] -- Added test 'cpplint' to check C / C++ code against the Google style
[1.857s] -- Configured cpplint exclude dirs and/or files: 
[1.857s] -- Added test 'lint_cmake' to check CMake code style
[1.857s] -- Added test 'uncrustify' to check C / C++ code style
[1.857s] -- Configured uncrustify additional arguments: 
[1.857s] -- Added test 'xmllint' to check XML markup files
[1.859s] -- Configuring done
[1.877s] -- Generating done
[1.885s] -- Build files have been written to: /home/david/training_ws/src/robojackets-ros2/build/peak_finder
[1.900s] Invoked command in '/home/david/training_ws/src/robojackets-ros2/build/peak_finder' returned '0': CMAKE_PREFIX_PATH=${CMAKE_PREFIX_PATH}:/opt/ros/humble /usr/bin/cmake /home/david/training_ws/src/robojackets-ros2/peak_finder -DCMAKE_INSTALL_PREFIX=/home/david/training_ws/src/robojackets-ros2/install/peak_finder
[1.903s] Invoking command in '/home/david/training_ws/src/robojackets-ros2/build/peak_finder': CMAKE_PREFIX_PATH=${CMAKE_PREFIX_PATH}:/opt/ros/humble /usr/bin/cmake --build /home/david/training_ws/src/robojackets-ros2/build/peak_finder -- -j16 -l16
[1.943s] gmake[1]: Warning: File 'CMakeFiles/Makefile2' has modification time 1.4 s in the future
[1.947s] gmake[2]: Warning: File 'CMakeFiles/peak_finder_components.dir/flags.make' has modification time 1.4 s in the future
[1.947s] gmake[2]: Warning: File 'CMakeFiles/peak_finder_node.dir/flags.make' has modification time 1.4 s in the future
[1.955s] gmake[2]: warning:  Clock skew detected.  Your build may be incomplete.
[1.958s] gmake[2]: warning:  Clock skew detected.  Your build may be incomplete.
[1.958s] gmake[2]: Warning: File 'CMakeFiles/peak_finder_node.dir/flags.make' has modification time 1.4 s in the future
[1.958s] gmake[2]: Warning: File 'CMakeFiles/peak_finder_components.dir/flags.make' has modification time 1.4 s in the future
[1.966s] [ 40%] [32mBuilding CXX object CMakeFiles/peak_finder_components.dir/src/peak_finder_component.cpp.o[0m
[1.966s] [ 40%] [32mBuilding CXX object CMakeFiles/peak_finder_components.dir/src/navigator.cpp.o[0m
[1.967s] [ 60%] [32mBuilding CXX object CMakeFiles/peak_finder_node.dir/rclcpp_components/node_main_peak_finder_node.cpp.o[0m
[8.507s] [ 80%] [32m[1mLinking CXX executable peak_finder_node[0m
[8.677s] gmake[2]: warning:  Clock skew detected.  Your build may be incomplete.
[8.691s] [ 80%] Built target peak_finder_node
[14.620s] [100%] [32m[1mLinking CXX shared library libpeak_finder_components.so[0m
[15.221s] gmake[2]: warning:  Clock skew detected.  Your build may be incomplete.
[15.243s] [100%] Built target peak_finder_components
[15.246s] gmake[1]: warning:  Clock skew detected.  Your build may be incomplete.
[15.295s] Invoked command in '/home/david/training_ws/src/robojackets-ros2/build/peak_finder' returned '0': CMAKE_PREFIX_PATH=${CMAKE_PREFIX_PATH}:/opt/ros/humble /usr/bin/cmake --build /home/david/training_ws/src/robojackets-ros2/build/peak_finder -- -j16 -l16
[15.304s] Invoking command in '/home/david/training_ws/src/robojackets-ros2/build/peak_finder': CMAKE_PREFIX_PATH=${CMAKE_PREFIX_PATH}:/opt/ros/humble /usr/bin/cmake --install /home/david/training_ws/src/robojackets-ros2/build/peak_finder
[15.338s] -- Install configuration: ""
[15.340s] -- Installing: /home/david/training_ws/src/robojackets-ros2/install/peak_finder/lib/peak_finder/peak_finder_node
[15.341s] -- Set runtime path of "/home/david/training_ws/src/robojackets-ros2/install/peak_finder/lib/peak_finder/peak_finder_node" to ""
[15.341s] -- Installing: /home/david/training_ws/src/robojackets-ros2/install/peak_finder/lib/libpeak_finder_components.so
[15.356s] -- Set runtime path of "/home/david/training_ws/src/robojackets-ros2/install/peak_finder/lib/libpeak_finder_components.so" to ""
[15.376s] -- Installing: /home/david/training_ws/src/robojackets-ros2/install/peak_finder/share/ament_index/resource_index/package_run_dependencies/peak_finder
[15.376s] -- Installing: /home/david/training_ws/src/robojackets-ros2/install/peak_finder/share/ament_index/resource_index/parent_prefix_path/peak_finder
[15.376s] -- Installing: /home/david/training_ws/src/robojackets-ros2/install/peak_finder/share/peak_finder/environment/ament_prefix_path.sh
[15.377s] -- Installing: /home/david/training_ws/src/robojackets-ros2/install/peak_finder/share/peak_finder/environment/ament_prefix_path.dsv
[15.377s] -- Installing: /home/david/training_ws/src/robojackets-ros2/install/peak_finder/share/peak_finder/environment/path.sh
[15.377s] -- Installing: /home/david/training_ws/src/robojackets-ros2/install/peak_finder/share/peak_finder/environment/path.dsv
[15.377s] -- Installing: /home/david/training_ws/src/robojackets-ros2/install/peak_finder/share/peak_finder/local_setup.bash
[15.377s] -- Installing: /home/david/training_ws/src/robojackets-ros2/install/peak_finder/share/peak_finder/local_setup.sh
[15.377s] -- Installing: /home/david/training_ws/src/robojackets-ros2/install/peak_finder/share/peak_finder/local_setup.zsh
[15.378s] -- Installing: /home/david/training_ws/src/robojackets-ros2/install/peak_finder/share/peak_finder/local_setup.dsv
[15.379s] -- Installing: /home/david/training_ws/src/robojackets-ros2/install/peak_finder/share/peak_finder/package.dsv
[15.379s] -- Installing: /home/david/training_ws/src/robojackets-ros2/install/peak_finder/share/ament_index/resource_index/packages/peak_finder
[15.380s] -- Installing: /home/david/training_ws/src/robojackets-ros2/install/peak_finder/share/ament_index/resource_index/rclcpp_components/peak_finder
[15.380s] -- Installing: /home/david/training_ws/src/robojackets-ros2/install/peak_finder/share/peak_finder/cmake/peak_finderConfig.cmake
[15.380s] -- Installing: /home/david/training_ws/src/robojackets-ros2/install/peak_finder/share/peak_finder/cmake/peak_finderConfig-version.cmake
[15.380s] -- Installing: /home/david/training_ws/src/robojackets-ros2/install/peak_finder/share/peak_finder/package.xml
[15.381s] Invoked command in '/home/david/training_ws/src/robojackets-ros2/build/peak_finder' returned '0': CMAKE_PREFIX_PATH=${CMAKE_PREFIX_PATH}:/opt/ros/humble /usr/bin/cmake --install /home/david/training_ws/src/robojackets-ros2/build/peak_finder
