[0.069s] Invoking command in '/home/david/training_ws/src/robojackets-ros2/build/rj_training_bringup': CMAKE_PREFIX_PATH=${CMAKE_PREFIX_PATH}:/opt/ros/humble /usr/bin/cmake /home/david/training_ws/src/robojackets-ros2/rj_training_bringup -DCMAKE_INSTALL_PREFIX=/home/david/training_ws/src/robojackets-ros2/install/rj_training_bringup
[0.178s] -- The C compiler identification is GNU 11.4.0
[0.239s] -- The CXX compiler identification is GNU 11.4.0
[0.255s] -- Detecting C compiler ABI info
[0.348s] -- Detecting C compiler ABI info - done
[0.352s] -- Check for working C compiler: /usr/bin/cc - skipped
[0.353s] -- Detecting C compile features
[0.353s] -- Detecting C compile features - done
[0.355s] -- Detecting CXX compiler ABI info
[0.444s] -- Detecting CXX compiler ABI info - done
[0.448s] -- Check for working CXX compiler: /usr/bin/c++ - skipped
[0.448s] -- Detecting CXX compile features
[0.449s] -- Detecting CXX compile features - done
[0.460s] -- Found ament_cmake: 1.3.12 (/opt/ros/humble/share/ament_cmake/cmake)
[0.644s] -- Found Python3: /usr/bin/python3 (found version "3.10.12") found components: Interpreter 
[0.784s] -- Found ament_lint_auto: 0.12.14 (/opt/ros/humble/share/ament_lint_auto/cmake)
[0.887s] -- Added test 'copyright' to check source files copyright and LICENSE
[0.892s] -- Added test 'flake8' to check Python code syntax and style conventions
[0.893s] -- Added test 'lint_cmake' to check CMake code style
[0.894s] -- Added test 'pep257' to check Python code against some of the docstring style conventions in PEP 257
[0.897s] -- Added test 'xmllint' to check XML markup files
[0.899s] -- Configuring done
[0.903s] -- Generating done
[0.905s] -- Build files have been written to: /home/david/training_ws/src/robojackets-ros2/build/rj_training_bringup
[0.910s] Invoked command in '/home/david/training_ws/src/robojackets-ros2/build/rj_training_bringup' returned '0': CMAKE_PREFIX_PATH=${CMAKE_PREFIX_PATH}:/opt/ros/humble /usr/bin/cmake /home/david/training_ws/src/robojackets-ros2/rj_training_bringup -DCMAKE_INSTALL_PREFIX=/home/david/training_ws/src/robojackets-ros2/install/rj_training_bringup
[0.913s] Invoking command in '/home/david/training_ws/src/robojackets-ros2/build/rj_training_bringup': CMAKE_PREFIX_PATH=${CMAKE_PREFIX_PATH}:/opt/ros/humble /usr/bin/cmake --build /home/david/training_ws/src/robojackets-ros2/build/rj_training_bringup -- -j16 -l16
[0.965s] Invoked command in '/home/david/training_ws/src/robojackets-ros2/build/rj_training_bringup' returned '0': CMAKE_PREFIX_PATH=${CMAKE_PREFIX_PATH}:/opt/ros/humble /usr/bin/cmake --build /home/david/training_ws/src/robojackets-ros2/build/rj_training_bringup -- -j16 -l16
[0.966s] Invoking command in '/home/david/training_ws/src/robojackets-ros2/build/rj_training_bringup': CMAKE_PREFIX_PATH=${CMAKE_PREFIX_PATH}:/opt/ros/humble /usr/bin/cmake --install /home/david/training_ws/src/robojackets-ros2/build/rj_training_bringup
[0.975s] -- Install configuration: ""
[0.975s] -- Installing: /home/david/training_ws/src/robojackets-ros2/install/rj_training_bringup/share/rj_training_bringup/behavior_trees
[0.975s] -- Installing: /home/david/training_ws/src/robojackets-ros2/install/rj_training_bringup/share/rj_training_bringup/behavior_trees/navigate.xml
[0.975s] -- Installing: /home/david/training_ws/src/robojackets-ros2/install/rj_training_bringup/share/rj_training_bringup/behavior_trees/navigate_w_replanning.xml
[0.975s] -- Installing: /home/david/training_ws/src/robojackets-ros2/install/rj_training_bringup/share/rj_training_bringup/config
[0.976s] -- Installing: /home/david/training_ws/src/robojackets-ros2/install/rj_training_bringup/share/rj_training_bringup/config/nav_params_final_challenge.yaml
[0.976s] -- Installing: /home/david/training_ws/src/robojackets-ros2/install/rj_training_bringup/share/rj_training_bringup/config/nav_params_week_7.yaml
[0.976s] -- Installing: /home/david/training_ws/src/robojackets-ros2/install/rj_training_bringup/share/rj_training_bringup/config/aruco_tag_visualization_params.yaml
[0.976s] -- Installing: /home/david/training_ws/src/robojackets-ros2/install/rj_training_bringup/share/rj_training_bringup/config/nav_params.yaml
[0.976s] -- Installing: /home/david/training_ws/src/robojackets-ros2/install/rj_training_bringup/share/rj_training_bringup/config/nav_params_week_8.yaml
[0.976s] -- Installing: /home/david/training_ws/src/robojackets-ros2/install/rj_training_bringup/share/rj_training_bringup/launch
[0.976s] -- Installing: /home/david/training_ws/src/robojackets-ros2/install/rj_training_bringup/share/rj_training_bringup/launch/mineral_deposit_tracker.launch.py
[0.976s] -- Installing: /home/david/training_ws/src/robojackets-ros2/install/rj_training_bringup/share/rj_training_bringup/launch/fake_localizer.launch.py
[0.976s] -- Installing: /home/david/training_ws/src/robojackets-ros2/install/rj_training_bringup/share/rj_training_bringup/launch/navigation.launch.py
[0.977s] -- Installing: /home/david/training_ws/src/robojackets-ros2/install/rj_training_bringup/share/rj_training_bringup/launch/projects
[0.977s] -- Installing: /home/david/training_ws/src/robojackets-ros2/install/rj_training_bringup/share/rj_training_bringup/launch/projects/week_6.launch.xml
[0.977s] -- Installing: /home/david/training_ws/src/robojackets-ros2/install/rj_training_bringup/share/rj_training_bringup/launch/projects/week_1.launch.xml
[0.977s] -- Installing: /home/david/training_ws/src/robojackets-ros2/install/rj_training_bringup/share/rj_training_bringup/launch/projects/week_5.launch.xml
[0.977s] -- Installing: /home/david/training_ws/src/robojackets-ros2/install/rj_training_bringup/share/rj_training_bringup/launch/projects/week_7.launch.xml
[0.977s] -- Installing: /home/david/training_ws/src/robojackets-ros2/install/rj_training_bringup/share/rj_training_bringup/launch/projects/week_8.launch.xml
[0.977s] -- Installing: /home/david/training_ws/src/robojackets-ros2/install/rj_training_bringup/share/rj_training_bringup/launch/projects/week_4.launch.xml
[0.977s] -- Installing: /home/david/training_ws/src/robojackets-ros2/install/rj_training_bringup/share/rj_training_bringup/launch/projects/week_3.launch.xml
[0.977s] -- Installing: /home/david/training_ws/src/robojackets-ros2/install/rj_training_bringup/share/rj_training_bringup/launch/projects/week_2.launch.xml
[0.977s] -- Installing: /home/david/training_ws/src/robojackets-ros2/install/rj_training_bringup/share/rj_training_bringup/launch/full_game_stack.launch.xml
[0.977s] -- Installing: /home/david/training_ws/src/robojackets-ros2/install/rj_training_bringup/share/rj_training_bringup/launch/empty_map_server.launch.py
[0.978s] -- Installing: /home/david/training_ws/src/robojackets-ros2/install/rj_training_bringup/share/rj_training_bringup/maps
[0.978s] -- Installing: /home/david/training_ws/src/robojackets-ros2/install/rj_training_bringup/share/rj_training_bringup/maps/empty_map.png
[0.978s] -- Installing: /home/david/training_ws/src/robojackets-ros2/install/rj_training_bringup/share/rj_training_bringup/maps/empty_map.yaml
[0.978s] -- Installing: /home/david/training_ws/src/robojackets-ros2/install/rj_training_bringup/share/rj_training_bringup/mineral_sample_sets
[0.978s] -- Installing: /home/david/training_ws/src/robojackets-ros2/install/rj_training_bringup/share/rj_training_bringup/mineral_sample_sets/default.yaml
[0.978s] -- Installing: /home/david/training_ws/src/robojackets-ros2/install/rj_training_bringup/share/rj_training_bringup/rviz_config
[0.979s] -- Installing: /home/david/training_ws/src/robojackets-ros2/install/rj_training_bringup/share/rj_training_bringup/rviz_config/week_1.rviz
[0.979s] -- Installing: /home/david/training_ws/src/robojackets-ros2/install/rj_training_bringup/share/rj_training_bringup/rviz_config/week_3.rviz
[0.979s] -- Installing: /home/david/training_ws/src/robojackets-ros2/install/rj_training_bringup/share/rj_training_bringup/rviz_config/final_challenge.rviz
[0.979s] -- Installing: /home/david/training_ws/src/robojackets-ros2/install/rj_training_bringup/share/rj_training_bringup/rviz_config/week_4.rviz
[0.979s] -- Installing: /home/david/training_ws/src/robojackets-ros2/install/rj_training_bringup/share/rj_training_bringup/rviz_config/week_5.rviz
[0.980s] -- Installing: /home/david/training_ws/src/robojackets-ros2/install/rj_training_bringup/share/rj_training_bringup/rviz_config/week_6.rviz
[0.980s] -- Installing: /home/david/training_ws/src/robojackets-ros2/install/rj_training_bringup/share/rj_training_bringup/rviz_config/color_detection.rviz
[0.980s] -- Installing: /home/david/training_ws/src/robojackets-ros2/install/rj_training_bringup/share/rj_training_bringup/rviz_config/week_7.rviz
[0.980s] -- Installing: /home/david/training_ws/src/robojackets-ros2/install/rj_training_bringup/share/rj_training_bringup/rviz_config/week_8.rviz
[0.980s] -- Installing: /home/david/training_ws/src/robojackets-ros2/install/rj_training_bringup/share/ament_index/resource_index/package_run_dependencies/rj_training_bringup
[0.981s] -- Installing: /home/david/training_ws/src/robojackets-ros2/install/rj_training_bringup/share/ament_index/resource_index/parent_prefix_path/rj_training_bringup
[0.981s] -- Installing: /home/david/training_ws/src/robojackets-ros2/install/rj_training_bringup/share/rj_training_bringup/environment/ament_prefix_path.sh
[0.981s] -- Installing: /home/david/training_ws/src/robojackets-ros2/install/rj_training_bringup/share/rj_training_bringup/environment/ament_prefix_path.dsv
[0.981s] -- Installing: /home/david/training_ws/src/robojackets-ros2/install/rj_training_bringup/share/rj_training_bringup/environment/path.sh
[0.982s] -- Installing: /home/david/training_ws/src/robojackets-ros2/install/rj_training_bringup/share/rj_training_bringup/environment/path.dsv
[0.982s] -- Installing: /home/david/training_ws/src/robojackets-ros2/install/rj_training_bringup/share/rj_training_bringup/local_setup.bash
[0.982s] -- Installing: /home/david/training_ws/src/robojackets-ros2/install/rj_training_bringup/share/rj_training_bringup/local_setup.sh
[0.982s] -- Installing: /home/david/training_ws/src/robojackets-ros2/install/rj_training_bringup/share/rj_training_bringup/local_setup.zsh
[0.983s] -- Installing: /home/david/training_ws/src/robojackets-ros2/install/rj_training_bringup/share/rj_training_bringup/local_setup.dsv
[0.983s] -- Installing: /home/david/training_ws/src/robojackets-ros2/install/rj_training_bringup/share/rj_training_bringup/package.dsv
[0.983s] -- Installing: /home/david/training_ws/src/robojackets-ros2/install/rj_training_bringup/share/ament_index/resource_index/packages/rj_training_bringup
[0.983s] -- Installing: /home/david/training_ws/src/robojackets-ros2/install/rj_training_bringup/share/rj_training_bringup/cmake/rj_training_bringupConfig.cmake
[0.983s] -- Installing: /home/david/training_ws/src/robojackets-ros2/install/rj_training_bringup/share/rj_training_bringup/cmake/rj_training_bringupConfig-version.cmake
[0.984s] -- Installing: /home/david/training_ws/src/robojackets-ros2/install/rj_training_bringup/share/rj_training_bringup/package.xml
[0.987s] Invoked command in '/home/david/training_ws/src/robojackets-ros2/build/rj_training_bringup' returned '0': CMAKE_PREFIX_PATH=${CMAKE_PREFIX_PATH}:/opt/ros/humble /usr/bin/cmake --install /home/david/training_ws/src/robojackets-ros2/build/rj_training_bringup
