-- The C compiler identification is GNU 11.4.0
-- The CXX compiler identification is GNU 11.4.0
-- Detecting C compiler ABI info
-- Detecting C compiler ABI info - done
-- Check for working C compiler: /usr/bin/cc - skipped
-- Detecting C compile features
-- Detecting C compile features - done
-- Detecting CXX compiler ABI info
-- Detecting CXX compiler ABI info - done
-- Check for working CXX compiler: /usr/bin/c++ - skipped
-- Detecting CXX compile features
-- Detecting CXX compile features - done
-- Found ament_cmake: 1.3.12 (/opt/ros/humble/share/ament_cmake/cmake)
-- Found Python3: /usr/bin/python3 (found version "3.10.12") found components: Interpreter 
-- Found rclcpp: 16.0.14 (/opt/ros/humble/share/rclcpp/cmake)
-- Found rosidl_generator_c: 3.1.7 (/opt/ros/humble/share/rosidl_generator_c/cmake)
-- Found rosidl_adapter: 3.1.7 (/opt/ros/humble/share/rosidl_adapter/cmake)
-- Found rosidl_generator_cpp: 3.1.7 (/opt/ros/humble/share/rosidl_generator_cpp/cmake)
-- Using all available rosidl_typesupport_c: rosidl_typesupport_fastrtps_c;rosidl_typesupport_introspection_c
-- Using all available rosidl_typesupport_cpp: rosidl_typesupport_fastrtps_cpp;rosidl_typesupport_introspection_cpp
-- Found rmw_implementation_cmake: 6.1.2 (/opt/ros/humble/share/rmw_implementation_cmake/cmake)
-- Found rmw_fastrtps_cpp: 6.2.8 (/opt/ros/humble/share/rmw_fastrtps_cpp/cmake)
-- Found OpenSSL: /usr/lib/x86_64-linux-gnu/libcrypto.so (found version "3.0.2")  
-- Found FastRTPS: /opt/ros/humble/include  
-- Using RMW implementation 'rmw_fastrtps_cpp' as default
-- Looking for pthread.h
-- Looking for pthread.h - found
-- Performing Test CMAKE_HAVE_LIBC_PTHREAD
-- Performing Test CMAKE_HAVE_LIBC_PTHREAD - Success
-- Found Threads: TRUE  
-- Found rclcpp_components: 16.0.14 (/opt/ros/humble/share/rclcpp_components/cmake)
-- Found stsl_interfaces: 0.1.0 (/home/david/training_ws/install/stsl_interfaces/share/stsl_interfaces/cmake)
-- Found sensor_msgs: 4.9.0 (/opt/ros/humble/share/sensor_msgs/cmake)
-- Found visualization_msgs: 4.9.0 (/opt/ros/humble/share/visualization_msgs/cmake)
-- Found nav_msgs: 4.9.0 (/opt/ros/humble/share/nav_msgs/cmake)
-- Found tf2_ros: 0.25.16 (/opt/ros/humble/share/tf2_ros/cmake)
-- Found tf2_geometry_msgs: 0.25.16 (/opt/ros/humble/share/tf2_geometry_msgs/cmake)
-- Found eigen3_cmake_module: 0.1.1 (/opt/ros/humble/share/eigen3_cmake_module/cmake)
-- Found Eigen3: TRUE (found version "3.4.0") 
-- Ensuring Eigen3 include directory is part of orocos-kdl CMake target
-- Found angles: 1.15.0 (/opt/ros/humble/share/angles/cmake)
-- Found ament_lint_auto: 0.12.14 (/opt/ros/humble/share/ament_lint_auto/cmake)
-- Added test 'copyright' to check source files copyright and LICENSE
-- Added test 'cppcheck' to perform static code analysis on C / C++ code
-- Configured cppcheck include dirs: 
-- Configured cppcheck exclude dirs and/or files: 
-- Added test 'cpplint' to check C / C++ code against the Google style
-- Configured cpplint exclude dirs and/or files: 
-- Added test 'flake8' to check Python code syntax and style conventions
-- Added test 'lint_cmake' to check CMake code style
-- Added test 'pep257' to check Python code against some of the docstring style conventions in PEP 257
-- Added test 'uncrustify' to check C / C++ code style
-- Configured uncrustify additional arguments: 
-- Added test 'xmllint' to check XML markup files
-- Configuring done
-- Generating done
-- Build files have been written to: /home/david/training_ws/src/robojackets-ros2/build/localization
[ 12%] [32mBuilding CXX object CMakeFiles/localization_node.dir/rclcpp_components/node_main_localization_node.cpp.o[0m
[ 25%] [32mBuilding CXX object CMakeFiles/localization_component.dir/src/particle_filter_localizer.cpp.o[0m
[ 37%] [32mBuilding CXX object CMakeFiles/localization_component.dir/src/random_helpers.cpp.o[0m
[ 50%] [32mBuilding CXX object CMakeFiles/localization_component.dir/src/aruco_sensor_model.cpp.o[0m
[ 62%] [32mBuilding CXX object CMakeFiles/localization_component.dir/src/odometry_sensor_model.cpp.o[0m
[ 75%] [32mBuilding CXX object CMakeFiles/localization_component.dir/src/motion_model.cpp.o[0m
[ 87%] [32m[1mLinking CXX executable localization_node[0m
[ 87%] Built target localization_node
[100%] [32m[1mLinking CXX shared library liblocalization_component.so[0m
[100%] Built target localization_component
-- Install configuration: ""
-- Installing: /home/david/training_ws/src/robojackets-ros2/install/localization/lib/localization/localization_node
-- Set runtime path of "/home/david/training_ws/src/robojackets-ros2/install/localization/lib/localization/localization_node" to ""
-- Installing: /home/david/training_ws/src/robojackets-ros2/install/localization/lib/liblocalization_component.so
-- Set runtime path of "/home/david/training_ws/src/robojackets-ros2/install/localization/lib/liblocalization_component.so" to ""
-- Installing: /home/david/training_ws/src/robojackets-ros2/install/localization/share/localization/launch
-- Installing: /home/david/training_ws/src/robojackets-ros2/install/localization/share/localization/launch/particle_filter_localizer.launch.py
-- Installing: /home/david/training_ws/src/robojackets-ros2/install/localization/share/localization/config
-- Installing: /home/david/training_ws/src/robojackets-ros2/install/localization/share/localization/config/localizer_params.yaml
-- Installing: /home/david/training_ws/src/robojackets-ros2/install/localization/share/ament_index/resource_index/package_run_dependencies/localization
-- Installing: /home/david/training_ws/src/robojackets-ros2/install/localization/share/ament_index/resource_index/parent_prefix_path/localization
-- Installing: /home/david/training_ws/src/robojackets-ros2/install/localization/share/localization/environment/ament_prefix_path.sh
-- Installing: /home/david/training_ws/src/robojackets-ros2/install/localization/share/localization/environment/ament_prefix_path.dsv
-- Installing: /home/david/training_ws/src/robojackets-ros2/install/localization/share/localization/environment/path.sh
-- Installing: /home/david/training_ws/src/robojackets-ros2/install/localization/share/localization/environment/path.dsv
-- Installing: /home/david/training_ws/src/robojackets-ros2/install/localization/share/localization/local_setup.bash
-- Installing: /home/david/training_ws/src/robojackets-ros2/install/localization/share/localization/local_setup.sh
-- Installing: /home/david/training_ws/src/robojackets-ros2/install/localization/share/localization/local_setup.zsh
-- Installing: /home/david/training_ws/src/robojackets-ros2/install/localization/share/localization/local_setup.dsv
-- Installing: /home/david/training_ws/src/robojackets-ros2/install/localization/share/localization/package.dsv
-- Installing: /home/david/training_ws/src/robojackets-ros2/install/localization/share/ament_index/resource_index/packages/localization
-- Installing: /home/david/training_ws/src/robojackets-ros2/install/localization/share/ament_index/resource_index/rclcpp_components/localization
-- Installing: /home/david/training_ws/src/robojackets-ros2/install/localization/share/localization/cmake/localizationConfig.cmake
-- Installing: /home/david/training_ws/src/robojackets-ros2/install/localization/share/localization/cmake/localizationConfig-version.cmake
-- Installing: /home/david/training_ws/src/robojackets-ros2/install/localization/share/localization/package.xml
