[0.052s] Invoking command in '/home/david/training_ws/src/robojackets-ros2/build/mineral_deposit_tracking': CMAKE_PREFIX_PATH=${CMAKE_PREFIX_PATH}:/opt/ros/humble /usr/bin/cmake --build /home/david/training_ws/src/robojackets-ros2/build/mineral_deposit_tracking -- -j16 -l16
[0.107s] [35m[1mConsolidate compiler generated dependencies of target mineral_deposit_tracker[0m
[0.107s] [35m[1mConsolidate compiler generated dependencies of target mineral_deposit_tracking[0m
[0.129s] [ 50%] Built target mineral_deposit_tracker
[0.136s] [100%] Built target mineral_deposit_tracking
[0.190s] Invoked command in '/home/david/training_ws/src/robojackets-ros2/build/mineral_deposit_tracking' returned '0': CMAKE_PREFIX_PATH=${CMAKE_PREFIX_PATH}:/opt/ros/humble /usr/bin/cmake --build /home/david/training_ws/src/robojackets-ros2/build/mineral_deposit_tracking -- -j16 -l16
[0.192s] Invoking command in '/home/david/training_ws/src/robojackets-ros2/build/mineral_deposit_tracking': CMAKE_PREFIX_PATH=${CMAKE_PREFIX_PATH}:/opt/ros/humble /usr/bin/cmake --install /home/david/training_ws/src/robojackets-ros2/build/mineral_deposit_tracking
[0.206s] -- Install configuration: ""
[0.206s] -- Up-to-date: /home/david/training_ws/src/robojackets-ros2/install/mineral_deposit_tracking/lib/mineral_deposit_tracking/mineral_deposit_tracker
[0.207s] -- Up-to-date: /home/david/training_ws/src/robojackets-ros2/install/mineral_deposit_tracking/lib/libmineral_deposit_tracking.so
[0.207s] -- Up-to-date: /home/david/training_ws/src/robojackets-ros2/install/mineral_deposit_tracking/share/ament_index/resource_index/package_run_dependencies/mineral_deposit_tracking
[0.207s] -- Up-to-date: /home/david/training_ws/src/robojackets-ros2/install/mineral_deposit_tracking/share/ament_index/resource_index/parent_prefix_path/mineral_deposit_tracking
[0.207s] -- Up-to-date: /home/david/training_ws/src/robojackets-ros2/install/mineral_deposit_tracking/share/mineral_deposit_tracking/environment/ament_prefix_path.sh
[0.207s] -- Up-to-date: /home/david/training_ws/src/robojackets-ros2/install/mineral_deposit_tracking/share/mineral_deposit_tracking/environment/ament_prefix_path.dsv
[0.207s] -- Up-to-date: /home/david/training_ws/src/robojackets-ros2/install/mineral_deposit_tracking/share/mineral_deposit_tracking/environment/path.sh
[0.210s] -- Up-to-date: /home/david/training_ws/src/robojackets-ros2/install/mineral_deposit_tracking/share/mineral_deposit_tracking/environment/path.dsv
[0.210s] -- Up-to-date: /home/david/training_ws/src/robojackets-ros2/install/mineral_deposit_tracking/share/mineral_deposit_tracking/local_setup.bash
[0.210s] -- Up-to-date: /home/david/training_ws/src/robojackets-ros2/install/mineral_deposit_tracking/share/mineral_deposit_tracking/local_setup.sh
[0.211s] -- Up-to-date: /home/david/training_ws/src/robojackets-ros2/install/mineral_deposit_tracking/share/mineral_deposit_tracking/local_setup.zsh
[0.211s] -- Up-to-date: /home/david/training_ws/src/robojackets-ros2/install/mineral_deposit_tracking/share/mineral_deposit_tracking/local_setup.dsv
[0.211s] -- Installing: /home/david/training_ws/src/robojackets-ros2/install/mineral_deposit_tracking/share/mineral_deposit_tracking/package.dsv
[0.211s] -- Up-to-date: /home/david/training_ws/src/robojackets-ros2/install/mineral_deposit_tracking/share/ament_index/resource_index/packages/mineral_deposit_tracking
[0.212s] -- Up-to-date: /home/david/training_ws/src/robojackets-ros2/install/mineral_deposit_tracking/share/ament_index/resource_index/rclcpp_components/mineral_deposit_tracking
[0.212s] -- Up-to-date: /home/david/training_ws/src/robojackets-ros2/install/mineral_deposit_tracking/share/mineral_deposit_tracking/cmake/mineral_deposit_trackingConfig.cmake
[0.212s] -- Up-to-date: /home/david/training_ws/src/robojackets-ros2/install/mineral_deposit_tracking/share/mineral_deposit_tracking/cmake/mineral_deposit_trackingConfig-version.cmake
[0.213s] -- Up-to-date: /home/david/training_ws/src/robojackets-ros2/install/mineral_deposit_tracking/share/mineral_deposit_tracking/package.xml
[0.287s] Invoked command in '/home/david/training_ws/src/robojackets-ros2/build/mineral_deposit_tracking' returned '0': CMAKE_PREFIX_PATH=${CMAKE_PREFIX_PATH}:/opt/ros/humble /usr/bin/cmake --install /home/david/training_ws/src/robojackets-ros2/build/mineral_deposit_tracking
