[0.069s] Invoking command in '/home/david/training_ws/src/robojackets-ros2/build/coordinate_transform': CMAKE_PREFIX_PATH=${CMAKE_PREFIX_PATH}:/opt/ros/humble /usr/bin/cmake /home/david/training_ws/src/robojackets-ros2/coordinate_transform -DCMAKE_INSTALL_PREFIX=/home/david/training_ws/src/robojackets-ros2/install/coordinate_transform
[0.218s] -- The C compiler identification is GNU 11.4.0
[0.281s] -- The CXX compiler identification is GNU 11.4.0
[0.299s] -- Detecting C compiler ABI info
[0.386s] -- Detecting C compiler ABI info - done
[0.390s] -- Check for working C compiler: /usr/bin/cc - skipped
[0.391s] -- Detecting C compile features
[0.392s] -- Detecting C compile features - done
[0.396s] -- Detecting CXX compiler ABI info
[0.484s] -- Detecting CXX compiler ABI info - done
[0.488s] -- Check for working CXX compiler: /usr/bin/c++ - skipped
[0.490s] -- Detecting CXX compile features
[0.490s] -- Detecting CXX compile features - done
[0.503s] -- Found ament_cmake: 1.3.12 (/opt/ros/humble/share/ament_cmake/cmake)
[0.694s] -- Found Python3: /usr/bin/python3 (found version "3.10.12") found components: Interpreter 
[0.828s] -- Found rclcpp: 16.0.14 (/opt/ros/humble/share/rclcpp/cmake)
[0.919s] -- Found rosidl_generator_c: 3.1.7 (/opt/ros/humble/share/rosidl_generator_c/cmake)
[0.926s] -- Found rosidl_adapter: 3.1.7 (/opt/ros/humble/share/rosidl_adapter/cmake)
[0.941s] -- Found rosidl_generator_cpp: 3.1.7 (/opt/ros/humble/share/rosidl_generator_cpp/cmake)
[0.962s] -- Using all available rosidl_typesupport_c: rosidl_typesupport_fastrtps_c;rosidl_typesupport_introspection_c
[0.991s] -- Using all available rosidl_typesupport_cpp: rosidl_typesupport_fastrtps_cpp;rosidl_typesupport_introspection_cpp
[1.068s] -- Found rmw_implementation_cmake: 6.1.2 (/opt/ros/humble/share/rmw_implementation_cmake/cmake)
[1.074s] -- Found rmw_fastrtps_cpp: 6.2.8 (/opt/ros/humble/share/rmw_fastrtps_cpp/cmake)
[1.215s] -- Found OpenSSL: /usr/lib/x86_64-linux-gnu/libcrypto.so (found version "3.0.2")  
[1.267s] -- Found FastRTPS: /opt/ros/humble/include  
[1.346s] -- Using RMW implementation 'rmw_fastrtps_cpp' as default
[1.364s] -- Looking for pthread.h
[1.446s] -- Looking for pthread.h - found
[1.446s] -- Performing Test CMAKE_HAVE_LIBC_PTHREAD
[1.524s] -- Performing Test CMAKE_HAVE_LIBC_PTHREAD - Success
[1.524s] -- Found Threads: TRUE  
[1.600s] -- Found rclcpp_components: 16.0.14 (/opt/ros/humble/share/rclcpp_components/cmake)
[1.639s] -- Found image_transport: 3.1.12 (/opt/ros/humble/share/image_transport/cmake)
[1.722s] -- Found cv_bridge: 3.2.1 (/opt/ros/humble/share/cv_bridge/cmake)
[1.737s] -- Found nav_msgs: 4.9.0 (/opt/ros/humble/share/nav_msgs/cmake)
[1.751s] -- Found tf2_ros: 0.25.16 (/opt/ros/humble/share/tf2_ros/cmake)
[1.815s] -- Found tf2_eigen: 0.25.16 (/opt/ros/humble/share/tf2_eigen/cmake)
[1.824s] -- Found stsl_interfaces: 0.1.0 (/home/david/training_ws/install/stsl_interfaces/share/stsl_interfaces/cmake)
[1.844s] -- Found ament_lint_auto: 0.12.14 (/opt/ros/humble/share/ament_lint_auto/cmake)
[1.941s] -- Added test 'copyright' to check source files copyright and LICENSE
[1.943s] -- Added test 'cppcheck' to perform static code analysis on C / C++ code
[1.943s] -- Configured cppcheck include dirs: 
[1.943s] -- Configured cppcheck exclude dirs and/or files: 
[1.944s] -- Added test 'cpplint' to check C / C++ code against the Google style
[1.944s] -- Configured cpplint exclude dirs and/or files: 
[1.946s] -- Added test 'lint_cmake' to check CMake code style
[1.948s] -- Added test 'uncrustify' to check C / C++ code style
[1.948s] -- Configured uncrustify additional arguments: 
[1.949s] -- Added test 'xmllint' to check XML markup files
[1.951s] -- Configuring done
[1.971s] -- Generating done
[1.978s] -- Build files have been written to: /home/david/training_ws/src/robojackets-ros2/build/coordinate_transform
[1.991s] Invoked command in '/home/david/training_ws/src/robojackets-ros2/build/coordinate_transform' returned '0': CMAKE_PREFIX_PATH=${CMAKE_PREFIX_PATH}:/opt/ros/humble /usr/bin/cmake /home/david/training_ws/src/robojackets-ros2/coordinate_transform -DCMAKE_INSTALL_PREFIX=/home/david/training_ws/src/robojackets-ros2/install/coordinate_transform
[1.994s] Invoking command in '/home/david/training_ws/src/robojackets-ros2/build/coordinate_transform': CMAKE_PREFIX_PATH=${CMAKE_PREFIX_PATH}:/opt/ros/humble /usr/bin/cmake --build /home/david/training_ws/src/robojackets-ros2/build/coordinate_transform -- -j16 -l16
[2.021s] -- Found ament_cmake: 1.3.12 (/opt/ros/humble/share/ament_cmake/cmake)
[2.196s] -- Found rclcpp: 16.0.14 (/opt/ros/humble/share/rclcpp/cmake)
[2.225s] -- Found rosidl_generator_c: 3.1.7 (/opt/ros/humble/share/rosidl_generator_c/cmake)
[2.226s] -- Found rosidl_adapter: 3.1.7 (/opt/ros/humble/share/rosidl_adapter/cmake)
[2.232s] -- Found rosidl_generator_cpp: 3.1.7 (/opt/ros/humble/share/rosidl_generator_cpp/cmake)
[2.239s] -- Using all available rosidl_typesupport_c: rosidl_typesupport_fastrtps_c;rosidl_typesupport_introspection_c
[2.249s] -- Using all available rosidl_typesupport_cpp: rosidl_typesupport_fastrtps_cpp;rosidl_typesupport_introspection_cpp
[2.281s] -- Found rmw_implementation_cmake: 6.1.2 (/opt/ros/humble/share/rmw_implementation_cmake/cmake)
[2.283s] -- Found rmw_fastrtps_cpp: 6.2.8 (/opt/ros/humble/share/rmw_fastrtps_cpp/cmake)
[2.527s] -- Using RMW implementation 'rmw_fastrtps_cpp' as default
[2.616s] -- Found rclcpp_components: 16.0.14 (/opt/ros/humble/share/rclcpp_components/cmake)
[2.638s] -- Found image_transport: 3.1.12 (/opt/ros/humble/share/image_transport/cmake)
[2.701s] -- Found cv_bridge: 3.2.1 (/opt/ros/humble/share/cv_bridge/cmake)
[2.715s] -- Found nav_msgs: 4.9.0 (/opt/ros/humble/share/nav_msgs/cmake)
[2.733s] -- Found tf2_ros: 0.25.16 (/opt/ros/humble/share/tf2_ros/cmake)
[2.794s] -- Found tf2_eigen: 0.25.16 (/opt/ros/humble/share/tf2_eigen/cmake)
[2.795s] -- Found stsl_interfaces: 0.1.0 (/home/david/training_ws/install/stsl_interfaces/share/stsl_interfaces/cmake)
[2.819s] -- Found ament_lint_auto: 0.12.14 (/opt/ros/humble/share/ament_lint_auto/cmake)
[2.914s] -- Added test 'copyright' to check source files copyright and LICENSE
[2.915s] -- Added test 'cppcheck' to perform static code analysis on C / C++ code
[2.916s] -- Configured cppcheck include dirs: 
[2.916s] -- Configured cppcheck exclude dirs and/or files: 
[2.918s] -- Added test 'cpplint' to check C / C++ code against the Google style
[2.919s] -- Configured cpplint exclude dirs and/or files: 
[2.920s] -- Added test 'lint_cmake' to check CMake code style
[2.921s] -- Added test 'uncrustify' to check C / C++ code style
[2.922s] -- Configured uncrustify additional arguments: 
[2.924s] -- Added test 'xmllint' to check XML markup files
[2.926s] -- Configuring done
[2.959s] -- Generating done
[2.976s] -- Build files have been written to: /home/david/training_ws/src/robojackets-ros2/build/coordinate_transform
[3.091s] gmake[2]: Warning: File 'rclcpp_components/node_main_coordinate_transform_node.cpp' has modification time 0.32 s in the future
[3.130s] [ 25%] [32mBuilding CXX object CMakeFiles/coordinate_transform_node.dir/rclcpp_components/node_main_coordinate_transform_node.cpp.o[0m
[3.149s] [ 50%] [32mBuilding CXX object CMakeFiles/coordinate_transform_components.dir/src/coordinate_transform_component.cpp.o[0m
[9.248s] [ 75%] [32m[1mLinking CXX executable coordinate_transform_node[0m
[9.427s] gmake[2]: warning:  Clock skew detected.  Your build may be incomplete.
[9.442s] [ 75%] Built target coordinate_transform_node
[24.252s] [100%] [32m[1mLinking CXX shared library libcoordinate_transform_components.so[0m
[24.856s] [100%] Built target coordinate_transform_components
[24.872s] Invoked command in '/home/david/training_ws/src/robojackets-ros2/build/coordinate_transform' returned '0': CMAKE_PREFIX_PATH=${CMAKE_PREFIX_PATH}:/opt/ros/humble /usr/bin/cmake --build /home/david/training_ws/src/robojackets-ros2/build/coordinate_transform -- -j16 -l16
[24.875s] Invoking command in '/home/david/training_ws/src/robojackets-ros2/build/coordinate_transform': CMAKE_PREFIX_PATH=${CMAKE_PREFIX_PATH}:/opt/ros/humble /usr/bin/cmake --install /home/david/training_ws/src/robojackets-ros2/build/coordinate_transform
[24.888s] -- Install configuration: ""
[24.889s] -- Installing: /home/david/training_ws/src/robojackets-ros2/install/coordinate_transform/lib/coordinate_transform/coordinate_transform_node
[24.890s] -- Set runtime path of "/home/david/training_ws/src/robojackets-ros2/install/coordinate_transform/lib/coordinate_transform/coordinate_transform_node" to ""
[24.890s] -- Installing: /home/david/training_ws/src/robojackets-ros2/install/coordinate_transform/lib/libcoordinate_transform_components.so
[24.898s] -- Set runtime path of "/home/david/training_ws/src/robojackets-ros2/install/coordinate_transform/lib/libcoordinate_transform_components.so" to ""
[24.899s] -- Installing: /home/david/training_ws/src/robojackets-ros2/install/coordinate_transform/share/ament_index/resource_index/package_run_dependencies/coordinate_transform
[24.900s] -- Installing: /home/david/training_ws/src/robojackets-ros2/install/coordinate_transform/share/ament_index/resource_index/parent_prefix_path/coordinate_transform
[24.901s] -- Installing: /home/david/training_ws/src/robojackets-ros2/install/coordinate_transform/share/coordinate_transform/environment/ament_prefix_path.sh
[24.901s] -- Installing: /home/david/training_ws/src/robojackets-ros2/install/coordinate_transform/share/coordinate_transform/environment/ament_prefix_path.dsv
[24.901s] -- Installing: /home/david/training_ws/src/robojackets-ros2/install/coordinate_transform/share/coordinate_transform/environment/path.sh
[24.901s] -- Installing: /home/david/training_ws/src/robojackets-ros2/install/coordinate_transform/share/coordinate_transform/environment/path.dsv
[24.901s] -- Installing: /home/david/training_ws/src/robojackets-ros2/install/coordinate_transform/share/coordinate_transform/local_setup.bash
[24.902s] -- Installing: /home/david/training_ws/src/robojackets-ros2/install/coordinate_transform/share/coordinate_transform/local_setup.sh
[24.902s] -- Installing: /home/david/training_ws/src/robojackets-ros2/install/coordinate_transform/share/coordinate_transform/local_setup.zsh
[24.902s] -- Installing: /home/david/training_ws/src/robojackets-ros2/install/coordinate_transform/share/coordinate_transform/local_setup.dsv
[24.902s] -- Installing: /home/david/training_ws/src/robojackets-ros2/install/coordinate_transform/share/coordinate_transform/package.dsv
[24.903s] -- Installing: /home/david/training_ws/src/robojackets-ros2/install/coordinate_transform/share/ament_index/resource_index/packages/coordinate_transform
[24.904s] -- Installing: /home/david/training_ws/src/robojackets-ros2/install/coordinate_transform/share/ament_index/resource_index/rclcpp_components/coordinate_transform
[24.904s] -- Installing: /home/david/training_ws/src/robojackets-ros2/install/coordinate_transform/share/coordinate_transform/cmake/coordinate_transformConfig.cmake
[24.904s] -- Installing: /home/david/training_ws/src/robojackets-ros2/install/coordinate_transform/share/coordinate_transform/cmake/coordinate_transformConfig-version.cmake
[24.905s] -- Installing: /home/david/training_ws/src/robojackets-ros2/install/coordinate_transform/share/coordinate_transform/package.xml
[24.908s] Invoked command in '/home/david/training_ws/src/robojackets-ros2/build/coordinate_transform' returned '0': CMAKE_PREFIX_PATH=${CMAKE_PREFIX_PATH}:/opt/ros/humble /usr/bin/cmake --install /home/david/training_ws/src/robojackets-ros2/build/coordinate_transform
