[0.072s] Invoking command in '/home/david/training_ws/src/robojackets-ros2/build/controllers': CMAKE_PREFIX_PATH=${CMAKE_PREFIX_PATH}:/opt/ros/humble /usr/bin/cmake /home/david/training_ws/src/robojackets-ros2/controllers -DCMAKE_INSTALL_PREFIX=/home/david/training_ws/src/robojackets-ros2/install/controllers
[0.227s] -- The C compiler identification is GNU 11.4.0
[0.291s] -- The CXX compiler identification is GNU 11.4.0
[0.308s] -- Detecting C compiler ABI info
[0.396s] -- Detecting C compiler ABI info - done
[0.404s] -- Check for working C compiler: /usr/bin/cc - skipped
[0.404s] -- Detecting C compile features
[0.404s] -- Detecting C compile features - done
[0.406s] -- Detecting CXX compiler ABI info
[0.494s] -- Detecting CXX compiler ABI info - done
[0.500s] -- Check for working CXX compiler: /usr/bin/c++ - skipped
[0.500s] -- Detecting CXX compile features
[0.500s] -- Detecting CXX compile features - done
[0.513s] -- Found ament_cmake: 1.3.12 (/opt/ros/humble/share/ament_cmake/cmake)
[0.708s] -- Found Python3: /usr/bin/python3 (found version "3.10.12") found components: Interpreter 
[0.837s] -- Found rclcpp: 16.0.14 (/opt/ros/humble/share/rclcpp/cmake)
[0.928s] -- Found rosidl_generator_c: 3.1.7 (/opt/ros/humble/share/rosidl_generator_c/cmake)
[0.937s] -- Found rosidl_adapter: 3.1.7 (/opt/ros/humble/share/rosidl_adapter/cmake)
[0.950s] -- Found rosidl_generator_cpp: 3.1.7 (/opt/ros/humble/share/rosidl_generator_cpp/cmake)
[0.972s] -- Using all available rosidl_typesupport_c: rosidl_typesupport_fastrtps_c;rosidl_typesupport_introspection_c
[1.000s] -- Using all available rosidl_typesupport_cpp: rosidl_typesupport_fastrtps_cpp;rosidl_typesupport_introspection_cpp
[1.077s] -- Found rmw_implementation_cmake: 6.1.2 (/opt/ros/humble/share/rmw_implementation_cmake/cmake)
[1.083s] -- Found rmw_fastrtps_cpp: 6.2.8 (/opt/ros/humble/share/rmw_fastrtps_cpp/cmake)
[1.224s] -- Found OpenSSL: /usr/lib/x86_64-linux-gnu/libcrypto.so (found version "3.0.2")  
[1.277s] -- Found FastRTPS: /opt/ros/humble/include  
[1.356s] -- Using RMW implementation 'rmw_fastrtps_cpp' as default
[1.373s] -- Looking for pthread.h
[1.455s] -- Looking for pthread.h - found
[1.456s] -- Performing Test CMAKE_HAVE_LIBC_PTHREAD
[1.533s] -- Performing Test CMAKE_HAVE_LIBC_PTHREAD - Success
[1.533s] -- Found Threads: TRUE  
[1.610s] -- Found rclcpp_action: 16.0.14 (/opt/ros/humble/share/rclcpp_action/cmake)
[1.665s] -- Found rclcpp_components: 16.0.14 (/opt/ros/humble/share/rclcpp_components/cmake)
[1.688s] -- Found nav2_core: 1.1.18 (/opt/ros/humble/share/nav2_core/cmake)
[1.855s] -- Found Eigen3: TRUE (found version "3.4.0") 
[1.855s] -- Ensuring Eigen3 include directory is part of orocos-kdl CMake target
[2.053s] -- Found tf2_eigen: 0.25.16 (/opt/ros/humble/share/tf2_eigen/cmake)
[2.086s] -- Found ament_lint_auto: 0.12.14 (/opt/ros/humble/share/ament_lint_auto/cmake)
[2.199s] -- Added test 'copyright' to check source files copyright and LICENSE
[2.201s] -- Added test 'cppcheck' to perform static code analysis on C / C++ code
[2.201s] -- Configured cppcheck include dirs: 
[2.201s] -- Configured cppcheck exclude dirs and/or files: 
[2.202s] -- Added test 'cpplint' to check C / C++ code against the Google style
[2.205s] -- Configured cpplint exclude dirs and/or files: 
[2.206s] -- Added test 'lint_cmake' to check CMake code style
[2.206s] -- Added test 'uncrustify' to check C / C++ code style
[2.206s] -- Configured uncrustify additional arguments: 
[2.206s] -- Added test 'xmllint' to check XML markup files
[2.208s] -- Configuring done
[2.288s] -- Generating done
[2.309s] -- Build files have been written to: /home/david/training_ws/src/robojackets-ros2/build/controllers
[2.337s] Invoked command in '/home/david/training_ws/src/robojackets-ros2/build/controllers' returned '0': CMAKE_PREFIX_PATH=${CMAKE_PREFIX_PATH}:/opt/ros/humble /usr/bin/cmake /home/david/training_ws/src/robojackets-ros2/controllers -DCMAKE_INSTALL_PREFIX=/home/david/training_ws/src/robojackets-ros2/install/controllers
[2.339s] Invoking command in '/home/david/training_ws/src/robojackets-ros2/build/controllers': CMAKE_PREFIX_PATH=${CMAKE_PREFIX_PATH}:/opt/ros/humble /usr/bin/cmake --build /home/david/training_ws/src/robojackets-ros2/build/controllers -- -j16 -l16
[2.477s] [ 25%] [32mBuilding CXX object CMakeFiles/controllers.dir/src/lqr_controller.cpp.o[0m
[2.499s] [ 50%] [32mBuilding CXX object CMakeFiles/controllers.dir/src/pid_controller.cpp.o[0m
[2.504s] [ 75%] [32mBuilding CXX object CMakeFiles/controllers.dir/src/test_path_generator.cpp.o[0m
[22.788s] [100%] [32m[1mLinking CXX shared library libcontrollers.so[0m
[23.537s] [100%] Built target controllers
[23.557s] Invoked command in '/home/david/training_ws/src/robojackets-ros2/build/controllers' returned '0': CMAKE_PREFIX_PATH=${CMAKE_PREFIX_PATH}:/opt/ros/humble /usr/bin/cmake --build /home/david/training_ws/src/robojackets-ros2/build/controllers -- -j16 -l16
[23.561s] Invoking command in '/home/david/training_ws/src/robojackets-ros2/build/controllers': CMAKE_PREFIX_PATH=${CMAKE_PREFIX_PATH}:/opt/ros/humble /usr/bin/cmake --install /home/david/training_ws/src/robojackets-ros2/build/controllers
[23.574s] -- Install configuration: ""
[23.575s] -- Installing: /home/david/training_ws/src/robojackets-ros2/install/controllers/lib/libcontrollers.so
[23.579s] -- Set runtime path of "/home/david/training_ws/src/robojackets-ros2/install/controllers/lib/libcontrollers.so" to ""
[23.580s] -- Installing: /home/david/training_ws/src/robojackets-ros2/install/controllers/share/controllers/plugin_descriptions.xml
[23.580s] -- Installing: /home/david/training_ws/src/robojackets-ros2/install/controllers/share/ament_index/resource_index/package_run_dependencies/controllers
[23.581s] -- Installing: /home/david/training_ws/src/robojackets-ros2/install/controllers/share/ament_index/resource_index/parent_prefix_path/controllers
[23.581s] -- Installing: /home/david/training_ws/src/robojackets-ros2/install/controllers/share/controllers/environment/ament_prefix_path.sh
[23.581s] -- Installing: /home/david/training_ws/src/robojackets-ros2/install/controllers/share/controllers/environment/ament_prefix_path.dsv
[23.582s] -- Installing: /home/david/training_ws/src/robojackets-ros2/install/controllers/share/controllers/environment/path.sh
[23.582s] -- Installing: /home/david/training_ws/src/robojackets-ros2/install/controllers/share/controllers/environment/path.dsv
[23.582s] -- Installing: /home/david/training_ws/src/robojackets-ros2/install/controllers/share/controllers/local_setup.bash
[23.582s] -- Installing: /home/david/training_ws/src/robojackets-ros2/install/controllers/share/controllers/local_setup.sh
[23.582s] -- Installing: /home/david/training_ws/src/robojackets-ros2/install/controllers/share/controllers/local_setup.zsh
[23.582s] -- Installing: /home/david/training_ws/src/robojackets-ros2/install/controllers/share/controllers/local_setup.dsv
[23.582s] -- Installing: /home/david/training_ws/src/robojackets-ros2/install/controllers/share/controllers/package.dsv
[23.583s] -- Installing: /home/david/training_ws/src/robojackets-ros2/install/controllers/share/ament_index/resource_index/packages/controllers
[23.583s] -- Installing: /home/david/training_ws/src/robojackets-ros2/install/controllers/share/ament_index/resource_index/nav2_core__pluginlib__plugin/controllers
[23.583s] -- Installing: /home/david/training_ws/src/robojackets-ros2/install/controllers/share/controllers/cmake/controllersConfig.cmake
[23.584s] -- Installing: /home/david/training_ws/src/robojackets-ros2/install/controllers/share/controllers/cmake/controllersConfig-version.cmake
[23.584s] -- Installing: /home/david/training_ws/src/robojackets-ros2/install/controllers/share/controllers/package.xml
[23.587s] Invoked command in '/home/david/training_ws/src/robojackets-ros2/build/controllers' returned '0': CMAKE_PREFIX_PATH=${CMAKE_PREFIX_PATH}:/opt/ros/humble /usr/bin/cmake --install /home/david/training_ws/src/robojackets-ros2/build/controllers
